../Drivers/CMSIS/Include/core_cm0.h:623:22:__NVIC_EnableIRQ	16	static
../Libraries/BML_DRIVERS/Src/adc.c:9:19:adc_calib	24	static
../Libraries/BML_DRIVERS/Src/adc.c:39:19:adc_ready	24	static
../Libraries/BML_DRIVERS/Src/adc.c:58:19:adc_clk_config	24	static
../Libraries/BML_DRIVERS/Src/adc.c:73:6:adc_sample_time	16	static
../Libraries/BML_DRIVERS/Src/adc.c:76:19:adc_en	16	static
../Libraries/BML_DRIVERS/Src/adc.c:83:19:adc_read	24	static
../Libraries/BML_DRIVERS/Src/adc.c:103:6:adc_start	8	static
../Libraries/BML_DRIVERS/Src/adc.c:106:6:adc_stop	8	static
../Libraries/BML_DRIVERS/Src/adc.c:109:19:adc_disable	24	static
../Libraries/BML_DRIVERS/Src/adc.c:133:6:adc_chsel	16	static
../Libraries/BML_DRIVERS/Src/adc.c:200:6:adc_config	24	static
../Libraries/BML_DRIVERS/Src/adc.c:222:6:adc_IT_config	16	static
