../Drivers/CMSIS/Include/core_cm0.h:623:22:__NVIC_EnableIRQ	16	static
../Libraries/BML_DRIVERS/Src/software_timer.c:10:6:timer_config	16	static
../Libraries/BML_DRIVERS/Src/software_timer.c:38:6:timer_EN	16	static
../Libraries/BML_DRIVERS/Src/software_timer.c:42:6:timer_DI	16	static
../Libraries/BML_DRIVERS/Src/software_timer.c:46:6:timer6_7_CR1	24	static
../Libraries/BML_DRIVERS/Src/software_timer.c:62:6:timer_EVENT	16	static
../Libraries/BML_DRIVERS/Src/software_timer.c:66:10:timer_cnt_val	24	static
../Libraries/BML_DRIVERS/Src/software_timer.c:71:6:timer_IT_EN	16	static
../Libraries/BML_DRIVERS/Src/software_timer.c:75:6:ticks_timer	16	static
../Libraries/BML_DRIVERS/Src/software_timer.c:85:10:ticks_val	8	static
../Libraries/BML_DRIVERS/Src/software_timer.c:88:6:ticks_reset	8	static
../Libraries/BML_DRIVERS/Src/software_timer.c:91:6:TIM6_IRQHandler	8	static
../Libraries/BML_DRIVERS/Src/software_timer.c:96:6:delay_ms	16	static
