Archive member included to satisfy reference by file (symbol)

c:/st/stm32cubeide_1.7.0/stm32cubeide/plugins/com.st.stm32cube.ide.mcu.externaltools.gnu-tools-for-stm32.10.3-2021.10.win32_1.0.0.202111181127/tools/bin/../lib/gcc/arm-none-eabi/10.3.1/../../../../arm-none-eabi/lib/thumb/v6-m/nofp\libc_nano.a(lib_a-atof.o)
                              ./Core/Src/main.o (atof)
c:/st/stm32cubeide_1.7.0/stm32cubeide/plugins/com.st.stm32cube.ide.mcu.externaltools.gnu-tools-for-stm32.10.3-2021.10.win32_1.0.0.202111181127/tools/bin/../lib/gcc/arm-none-eabi/10.3.1/../../../../arm-none-eabi/lib/thumb/v6-m/nofp\libc_nano.a(lib_a-atoi.o)
                              ./Core/Src/main.o (atoi)
c:/st/stm32cubeide_1.7.0/stm32cubeide/plugins/com.st.stm32cube.ide.mcu.externaltools.gnu-tools-for-stm32.10.3-2021.10.win32_1.0.0.202111181127/tools/bin/../lib/gcc/arm-none-eabi/10.3.1/../../../../arm-none-eabi/lib/thumb/v6-m/nofp\libc_nano.a(lib_a-errno.o)
                              ./Core/Src/syscalls.o (__errno)
c:/st/stm32cubeide_1.7.0/stm32cubeide/plugins/com.st.stm32cube.ide.mcu.externaltools.gnu-tools-for-stm32.10.3-2021.10.win32_1.0.0.202111181127/tools/bin/../lib/gcc/arm-none-eabi/10.3.1/../../../../arm-none-eabi/lib/thumb/v6-m/nofp\libc_nano.a(lib_a-exit.o)
                              c:/st/stm32cubeide_1.7.0/stm32cubeide/plugins/com.st.stm32cube.ide.mcu.externaltools.gnu-tools-for-stm32.10.3-2021.10.win32_1.0.0.202111181127/tools/bin/../lib/gcc/arm-none-eabi/10.3.1/../../../../arm-none-eabi/lib/thumb/v6-m/nofp/crt0.o (exit)
c:/st/stm32cubeide_1.7.0/stm32cubeide/plugins/com.st.stm32cube.ide.mcu.externaltools.gnu-tools-for-stm32.10.3-2021.10.win32_1.0.0.202111181127/tools/bin/../lib/gcc/arm-none-eabi/10.3.1/../../../../arm-none-eabi/lib/thumb/v6-m/nofp\libc_nano.a(lib_a-findfp.o)
                              ./Middlewares/Third_Party/FreeRTOS/Source/tasks.o (__sf_fake_stderr)
c:/st/stm32cubeide_1.7.0/stm32cubeide/plugins/com.st.stm32cube.ide.mcu.externaltools.gnu-tools-for-stm32.10.3-2021.10.win32_1.0.0.202111181127/tools/bin/../lib/gcc/arm-none-eabi/10.3.1/../../../../arm-none-eabi/lib/thumb/v6-m/nofp\libc_nano.a(lib_a-fwalk.o)
                              c:/st/stm32cubeide_1.7.0/stm32cubeide/plugins/com.st.stm32cube.ide.mcu.externaltools.gnu-tools-for-stm32.10.3-2021.10.win32_1.0.0.202111181127/tools/bin/../lib/gcc/arm-none-eabi/10.3.1/../../../../arm-none-eabi/lib/thumb/v6-m/nofp\libc_nano.a(lib_a-findfp.o) (_fwalk)
c:/st/stm32cubeide_1.7.0/stm32cubeide/plugins/com.st.stm32cube.ide.mcu.externaltools.gnu-tools-for-stm32.10.3-2021.10.win32_1.0.0.202111181127/tools/bin/../lib/gcc/arm-none-eabi/10.3.1/../../../../arm-none-eabi/lib/thumb/v6-m/nofp\libc_nano.a(lib_a-impure.o)
                              c:/st/stm32cubeide_1.7.0/stm32cubeide/plugins/com.st.stm32cube.ide.mcu.externaltools.gnu-tools-for-stm32.10.3-2021.10.win32_1.0.0.202111181127/tools/bin/../lib/gcc/arm-none-eabi/10.3.1/../../../../arm-none-eabi/lib/thumb/v6-m/nofp\libc_nano.a(lib_a-exit.o) (_global_impure_ptr)
c:/st/stm32cubeide_1.7.0/stm32cubeide/plugins/com.st.stm32cube.ide.mcu.externaltools.gnu-tools-for-stm32.10.3-2021.10.win32_1.0.0.202111181127/tools/bin/../lib/gcc/arm-none-eabi/10.3.1/../../../../arm-none-eabi/lib/thumb/v6-m/nofp\libc_nano.a(lib_a-init.o)
                              c:/st/stm32cubeide_1.7.0/stm32cubeide/plugins/com.st.stm32cube.ide.mcu.externaltools.gnu-tools-for-stm32.10.3-2021.10.win32_1.0.0.202111181127/tools/bin/../lib/gcc/arm-none-eabi/10.3.1/../../../../arm-none-eabi/lib/thumb/v6-m/nofp/crt0.o (__libc_init_array)
c:/st/stm32cubeide_1.7.0/stm32cubeide/plugins/com.st.stm32cube.ide.mcu.externaltools.gnu-tools-for-stm32.10.3-2021.10.win32_1.0.0.202111181127/tools/bin/../lib/gcc/arm-none-eabi/10.3.1/../../../../arm-none-eabi/lib/thumb/v6-m/nofp\libc_nano.a(lib_a-lock.o)
                              c:/st/stm32cubeide_1.7.0/stm32cubeide/plugins/com.st.stm32cube.ide.mcu.externaltools.gnu-tools-for-stm32.10.3-2021.10.win32_1.0.0.202111181127/tools/bin/../lib/gcc/arm-none-eabi/10.3.1/../../../../arm-none-eabi/lib/thumb/v6-m/nofp\libc_nano.a(lib_a-findfp.o) (__retarget_lock_init_recursive)
c:/st/stm32cubeide_1.7.0/stm32cubeide/plugins/com.st.stm32cube.ide.mcu.externaltools.gnu-tools-for-stm32.10.3-2021.10.win32_1.0.0.202111181127/tools/bin/../lib/gcc/arm-none-eabi/10.3.1/../../../../arm-none-eabi/lib/thumb/v6-m/nofp\libc_nano.a(lib_a-memcpy-stub.o)
                              ./Middlewares/Third_Party/FreeRTOS/Source/queue.o (memcpy)
c:/st/stm32cubeide_1.7.0/stm32cubeide/plugins/com.st.stm32cube.ide.mcu.externaltools.gnu-tools-for-stm32.10.3-2021.10.win32_1.0.0.202111181127/tools/bin/../lib/gcc/arm-none-eabi/10.3.1/../../../../arm-none-eabi/lib/thumb/v6-m/nofp\libc_nano.a(lib_a-memset.o)
[...]
Memory Configuration

Name             Origin             Length             Attributes
RAM              0x0000000020000000 0x0000000000004000 xrw
FLASH            0x0000000008000000 0x0000000000020000 xr
*default*        0x0000000000000000 0xffffffffffffffff

Linker script and memory map

LOAD c:/st/stm32cubeide_1.7.0/stm32cubeide/plugins/com.st.stm32cube.ide.mcu.externaltools.gnu-tools-for-stm32.10.3-2021.10.win32_1.0.0.202111181127/tools/bin/../lib/gcc/arm-none-eabi/10.3.1/thumb/v6-m/nofp/crti.o
LOAD c:/st/stm32cubeide_1.7.0/stm32cubeide/plugins/com.st.stm32cube.ide.mcu.externaltools.gnu-tools-for-stm32.10.3-2021.10.win32_1.0.0.202111181127/tools/bin/../lib/gcc/arm-none-eabi/10.3.1/thumb/v6-m/nofp/crtbegin.o
LOAD c:/st/stm32cubeide_1.7.0/stm32cubeide/plugins/com.st.stm32cube.ide.mcu.externaltools.gnu-tools-for-stm32.10.3-2021.10.win32_1.0.0.202111181127/tools/bin/../lib/gcc/arm-none-eabi/10.3.1/../../../../arm-none-eabi/lib/thumb/v6-m/nofp/crt0.o
LOAD ./Core/Src/freertos.o
LOAD ./Core/Src/main.o
LOAD ./Core/Src/stm32f0xx_hal_msp.o
LOAD ./Core/Src/stm32f0xx_it.o
LOAD ./Core/Src/syscalls.o
LOAD ./Core/Src/sysmem.o
LOAD ./Core/Src/system_stm32f0xx.o
LOAD ./Core/Startup/startup_stm32f070rbtx.o
LOAD ./Drivers/STM32F0xx_HAL_Driver/Src/stm32f0xx_hal.o
LOAD ./Drivers/STM32F0xx_HAL_Driver/Src/stm32f0xx_hal_cortex.o
LOAD ./Drivers/STM32F0xx_HAL_Driver/Src/stm32f0xx_hal_dma.o
LOAD ./Drivers/STM32F0xx_HAL_Driver/Src/stm32f0xx_hal_exti.o
LOAD ./Drivers/STM32F0xx_HAL_Driver/Src/stm32f0xx_hal_flash.o
LOAD ./Drivers/STM32F0xx_HAL_Driver/Src/stm32f0xx_hal_flash_ex.o
LOAD ./Drivers/STM32F0xx_HAL_Driver/Src/stm32f0xx_hal_gpio.o
LOAD ./Drivers/STM32F0xx_HAL_Driver/Src/stm32f0xx_hal_i2c.o
LOAD ./Drivers/STM32F0xx_HAL_Driver/Src/stm32f0xx_hal_i2c_ex.o
LOAD ./Drivers/STM32F0xx_HAL_Driver/Src/stm32f0xx_hal_pwr.o
LOAD ./Drivers/STM32F0xx_HAL_Driver/Src/stm32f0xx_hal_pwr_ex.o
LOAD ./Drivers/STM32F0xx_HAL_Driver/Src/stm32f0xx_hal_rcc.o
LOAD ./Drivers/STM32F0xx_HAL_Driver/Src/stm32f0xx_hal_rcc_ex.o
LOAD ./Drivers/STM32F0xx_HAL_Driver/Src/stm32f0xx_hal_tim.o
LOAD ./Drivers/STM32F0xx_HAL_Driver/Src/stm32f0xx_hal_tim_ex.o
LOAD ./Libraries/BML_DRIVERS/Src/adc.o
LOAD ./Libraries/BML_DRIVERS/Src/gpio.o
LOAD ./Libraries/BML_DRIVERS/Src/i2c.o
LOAD ./Libraries/BML_DRIVERS/Src/rcc.o
LOAD ./Libraries/BML_DRIVERS/Src/software_timer.o
LOAD ./Libraries/BML_DRIVERS/Src/systick_timer.o
LOAD ./Libraries/BML_DRIVERS/Src/uart.o
LOAD ./Libraries/MLX90614_LIB/Src/MLX90614.o
LOAD ./Libraries/tft_lib/Src/fonts.o
LOAD ./Libraries/tft_lib/Src/graphics.o
LOAD ./Libraries/tft_lib/Src/st7783.o
LOAD ./Libraries/tft_lib/Src/touch.o
LOAD ./Middlewares/Third_Party/FreeRTOS/Source/CMSIS_RTOS/cmsis_os.o
LOAD ./Middlewares/Third_Party/FreeRTOS/Source/croutine.o
LOAD ./Middlewares/Third_Party/FreeRTOS/Source/event_groups.o
LOAD ./Middlewares/Third_Party/FreeRTOS/Source/list.o
LOAD ./Middlewares/Third_Party/FreeRTOS/Source/queue.o
LOAD ./Middlewares/Third_Party/FreeRTOS/Source/stream_buffer.o
LOAD ./Middlewares/Third_Party/FreeRTOS/Source/tasks.o
LOAD ./Middlewares/Third_Party/FreeRTOS/Source/timers.o
LOAD ./Middlewares/Third_Party/FreeRTOS/Source/portable/GCC/ARM_CM0/port.o
LOAD ./Middlewares/Third_Party/FreeRTOS/Source/portable/MemMang/heap_4.o
START GROUP
LOAD c:/st/stm32cubeide_1.7.0/stm32cubeide/plugins/com.st.stm32cube.ide.mcu.externaltools.gnu-tools-for-stm32.10.3-2021.10.win32_1.0.0.202111181127/tools/bin/../lib/gcc/arm-none-eabi/10.3.1/../../../../arm-none-eabi/lib/thumb/v6-m/nofp\libc_nano.a
LOAD c:/st/stm32cubeide_1.7.0/stm32cubeide/plugins/com.st.stm32cube.ide.mcu.externaltools.gnu-tools-for-stm32.10.3-2021.10.win32_1.0.0.202111181127/tools/bin/../lib/gcc/arm-none-eabi/10.3.1/../../../../arm-none-eabi/lib/thumb/v6-m/nofp\libm.a
END GROUP
START GROUP
LOAD c:/st/stm32cubeide_1.7.0/stm32cubeide/plugins/com.st.stm32cube.ide.mcu.externaltools.gnu-tools-for-stm32.10.3-2021.10.win32_1.0.0.202111181127/tools/bin/../lib/gcc/arm-none-eabi/10.3.1/thumb/v6-m/nofp\libgcc.a
LOAD c:/st/stm32cubeide_1.7.0/stm32cubeide/plugins/com.st.stm32cube.ide.mcu.externaltools.gnu-tools-for-stm32.10.3-2021.10.win32_1.0.0.202111181127/tools/bin/../lib/gcc/arm-none-eabi/10.3.1/../../../../arm-none-eabi/lib/thumb/v6-m/nofp\libc_nano.a
END GROUP
START GROUP
LOAD c:/st/stm32cubeide_1.7.0/stm32cubeide/plugins/com.st.stm32cube.ide.mcu.externaltools.gnu-tools-for-stm32.10.3-2021.10.win32_1.0.0.202111181127/tools/bin/../lib/gcc/arm-none-eabi/10.3.1/thumb/v6-m/nofp\libgcc.a
LOAD c:/st/stm32cubeide_1.7.0/stm32cubeide/plugins/com.st.stm32cube.ide.mcu.externaltools.gnu-tools-for-stm32.10.3-2021.10.win32_1.0.0.202111181127/tools/bin/../lib/gcc/arm-none-eabi/10.3.1/../../../../arm-none-eabi/lib/thumb/v6-m/nofp\libc_nano.a
LOAD c:/st/stm32cubeide_1.7.0/stm32cubeide/plugins/com.st.stm32cube.ide.mcu.externaltools.gnu-tools-for-stm32.10.3-2021.10.win32_1.0.0.202111181127/tools/bin/../lib/gcc/arm-none-eabi/10.3.1/../../../../arm-none-eabi/lib/thumb/v6-m/nofp\libnosys.a
END GROUP
START GROUP
LOAD c:/st/stm32cubeide_1.7.0/stm32cubeide/plugins/com.st.stm32cube.ide.mcu.externaltools.gnu-tools-for-stm32.10.3-2021.10.win32_1.0.0.202111181127/tools/bin/../lib/gcc/arm-none-eabi/10.3.1/thumb/v6-m/nofp\libgcc.a
LOAD c:/st/stm32cubeide_1.7.0/stm32cubeide/plugins/com.st.stm32cube.ide.mcu.externaltools.gnu-tools-for-stm32.10.3-2021.10.win32_1.0.0.202111181127/tools/bin/../lib/gcc/arm-none-eabi/10.3.1/../../../../arm-none-eabi/lib/thumb/v6-m/nofp\libc_nano.a
LOAD c:/st/stm32cubeide_1.7.0/stm32cubeide/plugins/com.st.stm32cube.ide.mcu.externaltools.gnu-tools-for-stm32.10.3-2021.10.win32_1.0.0.202111181127/tools/bin/../lib/gcc/arm-none-eabi/10.3.1/../../../../arm-none-eabi/lib/thumb/v6-m/nofp\libnosys.a
END GROUP
LOAD c:/st/stm32cubeide_1.7.0/stm32cubeide/plugins/com.st.stm32cube.ide.mcu.externaltools.gnu-tools-for-stm32.10.3-2021.10.win32_1.0.0.202111181127/tools/bin/../lib/gcc/arm-none-eabi/10.3.1/thumb/v6-m/nofp/crtend.o
LOAD c:/st/stm32cubeide_1.7.0/stm32cubeide/plugins/com.st.stm32cube.ide.mcu.externaltools.gnu-tools-for-stm32.10.3-2021.10.win32_1.0.0.202111181127/tools/bin/../lib/gcc/arm-none-eabi/10.3.1/thumb/v6-m/nofp/crtn.o
                0x0000000020004000                _estack = (ORIGIN (RAM) + LENGTH (RAM))
                0x0000000000000200                _Min_Heap_Size = 0x200
                0x0000000000000400                _Min_Stack_Size = 0x400

.isr_vector     0x0000000008000000       0xc0
                0x0000000008000000                . = ALIGN (0x4)
 *(.isr_vector)
 .isr_vector    0x0000000008000000       0xc0 ./Core/Startup/startup_stm32f070rbtx.o
                0x0000000008000000                g_pfnVectors
                0x00000000080000c0                . = ALIGN (0x4)

.text           0x00000000080000c0     0xedec
                0x00000000080000c0                . = ALIGN (0x4)
 *(.text)
 .text          0x00000000080000c0       0x48 c:/st/stm32cubeide_1.7.0/stm32cubeide/plugins/com.st.stm32cube.ide.mcu.externaltools.gnu-tools-for-stm32.10.3-2021.10.win32_1.0.0.202111181127/tools/bin/../lib/gcc/arm-none-eabi/10.3.1/thumb/v6-m/nofp/crtbegin.o
 .text          0x0000000008000108        0xe c:/st/stm32cubeide_1.7.0/stm32cubeide/plugins/com.st.stm32cube.ide.mcu.externaltools.gnu-tools-for-stm32.10.3-2021.10.win32_1.0.0.202111181127/tools/bin/../lib/gcc/arm-none-eabi/10.3.1/../../../../arm-none-eabi/lib/thumb/v6-m/nofp\libc_nano.a(lib_a-strlen.o)
                0x0000000008000108                strlen
 *fill*         0x0000000008000116        0x2 
 .text          0x0000000008000118       0x14 c:/st/stm32cubeide_1.7.0/stm32cubeide/plugins/com.st.stm32cube.ide.mcu.externaltools.gnu-tools-for-stm32.10.3-2021.10.win32_1.0.0.202111181127/tools/bin/../lib/gcc/arm-none-eabi/10.3.1/thumb/v6-m/nofp\libgcc.a(_thumb1_case_uqi.o)
                0x0000000008000118                __gnu_thumb1_case_uqi
 .text          0x000000000800012c       0x14 c:/st/stm32cubeide_1.7.0/stm32cubeide/plugins/com.st.stm32cube.ide.mcu.externaltools.gnu-tools-for-stm32.10.3-2021.10.win32_1.0.0.202111181127/tools/bin/../lib/gcc/arm-none-eabi/10.3.1/thumb/v6-m/nofp\libgcc.a(_thumb1_case_shi.o)
                0x000000000800012c                __gnu_thumb1_case_shi
 .text          0x0000000008000140      0x114 c:/st/stm32cubeide_1.7.0/stm32cubeide/plugins/com.st.stm32cube.ide.mcu.externaltools.gnu-tools-for-stm32.10.3-2021.10.win32_1.0.0.202111181127/tools/bin/../lib/gcc/arm-none-eabi/10.3.1/thumb/v6-m/nofp\libgcc.a(_udivsi3.o)
                0x0000000008000140                __aeabi_uidiv
                0x0000000008000140                __udivsi3
                0x000000000800024c                __aeabi_uidivmod
 .text          0x0000000008000254      0x1d4 c:/st/stm32cubeide_1.7.0/stm32cubeide/plugins/com.st.stm32cube.ide.mcu.externaltools.gnu-tools-for-stm32.10.3-2021.10.win32_1.0.0.202111181127/tools/bin/../lib/gcc/arm-none-eabi/10.3.1/thumb/v6-m/nofp\libgcc.a(_divsi3.o)
                0x0000000008000254                __divsi3
                0x0000000008000254                __aeabi_idiv
                0x0000000008000420                __aeabi_idivmod
 .text          0x0000000008000428        0x4 c:/st/stm32cubeide_1.7.0/stm32cubeide/plugins/com.st.stm32cube.ide.mcu.externaltools.gnu-tools-for-stm32.10.3-2021.10.win32_1.0.0.202111181127/tools/bin/../lib/gcc/arm-none-eabi/10.3.1/thumb/v6-m/nofp\libgcc.a(_dvmd_tls.o)
                0x0000000008000428                __aeabi_idiv0
                0x0000000008000428                __aeabi_ldiv0
 .text          0x000000000800042c       0x7c c:/st/stm32cubeide_1.7.0/stm32cubeide/plugins/com.st.stm32cube.ide.mcu.externaltools.gnu-tools-for-stm32.10.3-2021.10.win32_1.0.0.202111181127/tools/bin/../lib/gcc/arm-none-eabi/10.3.1/thumb/v6-m/nofp\libgcc.a(_arm_cmpdf2.o)
                0x000000000800042c                __aeabi_cdrcmple
                0x000000000800043c                __aeabi_cdcmple
                0x000000000800043c                __aeabi_cdcmpeq
                0x000000000800044c                __aeabi_dcmpeq
                0x0000000008000458                __aeabi_dcmplt
                0x000000000800046c                __aeabi_dcmple
                0x0000000008000480                __aeabi_dcmpgt
                0x0000000008000494                __aeabi_dcmpge
 .text          0x00000000080004a8       0x74 c:/st/stm32cubeide_1.7.0/stm32cubeide/plugins/com.st.stm32cube.ide.mcu.externaltools.gnu-tools-for-stm32.10.3-2021.10.win32_1.0.0.202111181127/tools/bin/../lib/gcc/arm-none-eabi/10.3.1/thumb/v6-m/nofp\libgcc.a(_arm_cmpsf2.o)
                0x00000000080004a8                __aeabi_cfrcmple
                0x00000000080004b0                __aeabi_cfcmpeq
                0x00000000080004b0                __aeabi_cfcmple
                0x00000000080004c0                __aeabi_fcmpeq
                0x00000000080004cc                __aeabi_fcmplt
                0x00000000080004e0                __aeabi_fcmple
                0x00000000080004f4                __aeabi_fcmpgt
                0x0000000008000508                __aeabi_fcmpge
 .text          0x000000000800051c       0x3c c:/st/stm32cubeide_1.7.0/stm32cubeide/plugins/com.st.stm32cube.ide.mcu.externaltools.gnu-tools-for-stm32.10.3-2021.10.win32_1.0.0.202111181127/tools/bin/../lib/gcc/arm-none-eabi/10.3.1/thumb/v6-m/nofp\libgcc.a(_fixunsdfsi.o)
                0x000000000800051c                __aeabi_d2uiz
                0x000000000800051c                __fixunsdfsi
 .text          0x0000000008000558       0x3c c:/st/stm32cubeide_1.7.0/stm32cubeide/plugins/com.st.stm32cube.ide.mcu.externaltools.gnu-tools-for-stm32.10.3-2021.10.win32_1.0.0.202111181127/tools/bin/../lib/gcc/arm-none-eabi/10.3.1/thumb/v6-m/nofp\libgcc.a(_fixdfdi.o)
                0x0000000008000558                __fixdfdi
                0x0000000008000558                __aeabi_d2lz
 .text          0x0000000008000594       0x3c c:/st/stm32cubeide_1.7.0/stm32cubeide/plugins/com.st.stm32cube.ide.mcu.externaltools.gnu-tools-for-stm32.10.3-2021.10.win32_1.0.0.202111181127/tools/bin/../lib/gcc/arm-none-eabi/10.3.1/thumb/v6-m/nofp\libgcc.a(_fixunsdfdi.o)
                0x0000000008000594                __fixunsdfdi
                0x0000000008000594                __aeabi_d2ulz
 .text          0x00000000080005d0       0x2c c:/st/stm32cubeide_1.7.0/stm32cubeide/plugins/com.st.stm32cube.ide.mcu.externaltools.gnu-tools-for-stm32.10.3-2021.10.win32_1.0.0.202111181127/tools/bin/../lib/gcc/arm-none-eabi/10.3.1/thumb/v6-m/nofp\libgcc.a(_floatdidf.o)
                0x00000000080005d0                __aeabi_l2d
                0x00000000080005d0                __floatdidf
 .text          0x00000000080005fc      0x33c c:/st/stm32cubeide_1.7.0/stm32cubeide/plugins/com.st.stm32cube.ide.mcu.externaltools.gnu-tools-for-stm32.10.3-2021.10.win32_1.0.0.202111181127/tools/bin/../lib/gcc/arm-none-eabi/10.3.1/thumb/v6-m/nofp\libgcc.a(addsf3.o)
                0x00000000080005fc                __aeabi_fadd
 .text          0x0000000008000938      0x230 c:/st/stm32cubeide_1.7.0/stm32cubeide/plugins/com.st.stm32cube.ide.mcu.externaltools.gnu-tools-for-stm32.10.3-2021.10.win32_1.0.0.202111181127/tools/bin/../lib/gcc/arm-none-eabi/10.3.1/thumb/v6-m/nofp\libgcc.a(divsf3.o)
                0x0000000008000938                __aeabi_fdiv
 .text          0x0000000008000b68       0x4c c:/st/stm32cubeide_1.7.0/stm32cubeide/plugins/com.st.stm32cube.ide.mcu.externaltools.gnu-tools-for-stm32.10.3-2021.10.win32_1.0.0.202111181127/tools/bin/../lib/gcc/arm-none-eabi/10.3.1/thumb/v6-m/nofp\libgcc.a(eqsf2.o)
                0x0000000008000b68                __eqsf2
                0x0000000008000b68                __nesf2
 .text          0x0000000008000bb4       0x8c c:/st/stm32cubeide_1.7.0/stm32cubeide/plugins/com.st.stm32cube.ide.mcu.externaltools.gnu-tools-for-stm32.10.3-2021.10.win32_1.0.0.202111181127/tools/bin/../lib/gcc/arm-none-eabi/10.3.1/thumb/v6-m/nofp\libgcc.a(gesf2.o)
                0x0000000008000bb4                __gesf2
                0x0000000008000bb4                __gtsf2
 .text          0x0000000008000c40       0x88 c:/st/stm32cubeide_1.7.0/stm32cubeide/plugins/com.st.stm32cube.ide.mcu.externaltools.gnu-tools-for-stm32.10.3-2021.10.win32_1.0.0.202111181127/tools/bin/../lib/gcc/arm-none-eabi/10.3.1/thumb/v6-m/nofp\libgcc.a(lesf2.o)
                0x0000000008000c40                __ltsf2
                0x0000000008000c40                __lesf2
 .text          0x0000000008000cc8      0x24c c:/st/stm32cubeide_1.7.0/stm32cubeide/plugins/com.st.stm32cube.ide.mcu.externaltools.gnu-tools-for-stm32.10.3-2021.10.win32_1.0.0.202111181127/tools/bin/../lib/gcc/arm-none-eabi/10.3.1/thumb/v6-m/nofp\libgcc.a(mulsf3.o)
                0x0000000008000cc8                __aeabi_fmul
 .text          0x0000000008000f14      0x35c c:/st/stm32cubeide_1.7.0/stm32cubeide/plugins/com.st.stm32cube.ide.mcu.externaltools.gnu-tools-for-stm32.10.3-2021.10.win32_1.0.0.202111181127/tools/bin/../lib/gcc/arm-none-eabi/10.3.1/thumb/v6-m/nofp\libgcc.a(subsf3.o)
                0x0000000008000f14                __aeabi_fsub
 .text          0x0000000008001270       0x9c c:/st/stm32cubeide_1.7.0/stm32cubeide/plugins/com.st.stm32cube.ide.mcu.externaltools.gnu-tools-for-stm32.10.3-2021.10.win32_1.0.0.202111181127/tools/bin/../lib/gcc/arm-none-eabi/10.3.1/thumb/v6-m/nofp\libgcc.a(floatsisf.o)
                0x0000000008001270                __aeabi_i2f
 .text          0x000000000800130c       0x84 c:/st/stm32cubeide_1.7.0/stm32cubeide/plugins/com.st.stm32cube.ide.mcu.externaltools.gnu-tools-for-stm32.10.3-2021.10.win32_1.0.0.202111181127/tools/bin/../lib/gcc/arm-none-eabi/10.3.1/thumb/v6-m/nofp\libgcc.a(floatunsisf.o)
                0x000000000800130c                __aeabi_ui2f
 .text          0x0000000008001390      0x678 c:/st/stm32cubeide_1.7.0/stm32cubeide/plugins/com.st.stm32cube.ide.mcu.externaltools.gnu-tools-for-stm32.10.3-2021.10.win32_1.0.0.202111181127/tools/bin/../lib/gcc/arm-none-eabi/10.3.1/thumb/v6-m/nofp\libgcc.a(adddf3.o)
                0x0000000008001390                __aeabi_dadd
 .text          0x0000000008001a08      0x5ec c:/st/stm32cubeide_1.7.0/stm32cubeide/plugins/com.st.stm32cube.ide.mcu.externaltools.gnu-tools-for-stm32.10.3-2021.10.win32_1.0.0.202111181127/tools/bin/../lib/gcc/arm-none-eabi/10.3.1/thumb/v6-m/nofp\libgcc.a(divdf3.o)
                0x0000000008001a08                __aeabi_ddiv
 .text          0x0000000008001ff4       0x84 c:/st/stm32cubeide_1.7.0/stm32cubeide/plugins/com.st.stm32cube.ide.mcu.externaltools.gnu-tools-for-stm32.10.3-2021.10.win32_1.0.0.202111181127/tools/bin/../lib/gcc/arm-none-eabi/10.3.1/thumb/v6-m/nofp\libgcc.a(eqdf2.o)
                0x0000000008001ff4                __nedf2
                0x0000000008001ff4                __eqdf2
 .text          0x0000000008002078       0xcc c:/st/stm32cubeide_1.7.0/stm32cubeide/plugins/com.st.stm32cube.ide.mcu.externaltools.gnu-tools-for-stm32.10.3-2021.10.win32_1.0.0.202111181127/tools/bin/../lib/gcc/arm-none-eabi/10.3.1/thumb/v6-m/nofp\libgcc.a(gedf2.o)
                0x0000000008002078                __gedf2
                0x0000000008002078                __gtdf2
 .text          0x0000000008002144       0xc8 c:/st/stm32cubeide_1.7.0/stm32cubeide/plugins/com.st.stm32cube.ide.mcu.externaltools.gnu-tools-for-stm32.10.3-2021.10.win32_1.0.0.202111181127/tools/bin/../lib/gcc/arm-none-eabi/10.3.1/thumb/v6-m/nofp\libgcc.a(ledf2.o)
                0x0000000008002144                __ledf2
                0x0000000008002144                __ltdf2
 .text          0x000000000800220c      0x4d8 c:/st/stm32cubeide_1.7.0/stm32cubeide/plugins/com.st.stm32cube.ide.mcu.externaltools.gnu-tools-for-stm32.10.3-2021.10.win32_1.0.0.202111181127/tools/bin/../lib/gcc/arm-none-eabi/10.3.1/thumb/v6-m/nofp\libgcc.a(muldf3.o)
                0x000000000800220c                __aeabi_dmul
 .text          0x00000000080026e4      0x724 c:/st/stm32cubeide_1.7.0/stm32cubeide/plugins/com.st.stm32cube.ide.mcu.externaltools.gnu-tools-for-stm32.10.3-2021.10.win32_1.0.0.202111181127/tools/bin/../lib/gcc/arm-none-eabi/10.3.1/thumb/v6-m/nofp\libgcc.a(subdf3.o)
                0x00000000080026e4                __aeabi_dsub
 .text          0x0000000008002e08       0x3c c:/st/stm32cubeide_1.7.0/stm32cubeide/plugins/com.st.stm32cube.ide.mcu.externaltools.gnu-tools-for-stm32.10.3-2021.10.win32_1.0.0.202111181127/tools/bin/../lib/gcc/arm-none-eabi/10.3.1/thumb/v6-m/nofp\libgcc.a(unorddf2.o)
                0x0000000008002e08                __aeabi_dcmpun
 .text          0x0000000008002e44       0x6c c:/st/stm32cubeide_1.7.0/stm32cubeide/plugins/com.st.stm32cube.ide.mcu.externaltools.gnu-tools-for-stm32.10.3-2021.10.win32_1.0.0.202111181127/tools/bin/../lib/gcc/arm-none-eabi/10.3.1/thumb/v6-m/nofp\libgcc.a(fixdfsi.o)
                0x0000000008002e44                __aeabi_d2iz
 .text          0x0000000008002eb0       0x60 c:/st/stm32cubeide_1.7.0/stm32cubeide/plugins/com.st.stm32cube.ide.mcu.externaltools.gnu-tools-for-stm32.10.3-2021.10.win32_1.0.0.202111181127/tools/bin/../lib/gcc/arm-none-eabi/10.3.1/thumb/v6-m/nofp\libgcc.a(floatsidf.o)
                0x0000000008002eb0                __aeabi_i2d
 .text          0x0000000008002f10       0x4c c:/st/stm32cubeide_1.7.0/stm32cubeide/plugins/com.st.stm32cube.ide.mcu.externaltools.gnu-tools-for-stm32.10.3-2021.10.win32_1.0.0.202111181127/tools/bin/../lib/gcc/arm-none-eabi/10.3.1/thumb/v6-m/nofp\libgcc.a(floatunsidf.o)
                0x0000000008002f10                __aeabi_ui2d
 .text          0x0000000008002f5c       0x90 c:/st/stm32cubeide_1.7.0/stm32cubeide/plugins/com.st.stm32cube.ide.mcu.externaltools.gnu-tools-for-stm32.10.3-2021.10.win32_1.0.0.202111181127/tools/bin/../lib/gcc/arm-none-eabi/10.3.1/thumb/v6-m/nofp\libgcc.a(extendsfdf2.o)
                0x0000000008002f5c                __aeabi_f2d
 .text          0x0000000008002fec      0x110 c:/st/stm32cubeide_1.7.0/stm32cubeide/plugins/com.st.stm32cube.ide.mcu.externaltools.gnu-tools-for-stm32.10.3-2021.10.win32_1.0.0.202111181127/tools/bin/../lib/gcc/arm-none-eabi/10.3.1/thumb/v6-m/nofp\libgcc.a(truncdfsf2.o)
                0x0000000008002fec                __aeabi_d2f
 .text          0x00000000080030fc       0x3c c:/st/stm32cubeide_1.7.0/stm32cubeide/plugins/com.st.stm32cube.ide.mcu.externaltools.gnu-tools-for-stm32.10.3-2021.10.win32_1.0.0.202111181127/tools/bin/../lib/gcc/arm-none-eabi/10.3.1/thumb/v6-m/nofp\libgcc.a(_clzsi2.o)
                0x00000000080030fc                __clzsi2
 *(.text*)
 .text.vApplicationGetIdleTaskMemory
                0x0000000008003138       0x30 ./Core/Src/freertos.o
                0x0000000008003138                vApplicationGetIdleTaskMemory
 .text.main     0x0000000008003168      0x11c ./Core/Src/main.o
                0x0000000008003168                main
 .text.SystemClock_Config
                0x0000000008003284       0x96 ./Core/Src/main.o
                0x0000000008003284                SystemClock_Config
 *fill*         0x000000000800331a        0x2 
 .text.MX_GPIO_Init
                0x000000000800331c       0x68 ./Core/Src/main.o
 .text.gpio_settingfn
                0x0000000008003384       0xc0 ./Core/Src/main.o
                0x0000000008003384                gpio_settingfn
 .text.gpio11_callback
                0x0000000008003444       0x18 ./Core/Src/main.o
                0x0000000008003444                gpio11_callback
 .text.gpio12_callback
                0x000000000800345c       0x18 ./Core/Src/main.o
                0x000000000800345c                gpio12_callback
 .text.HMS_bgdisplay
                0x0000000008003474      0x1cc ./Core/Src/main.o
                0x0000000008003474                HMS_bgdisplay
 .text.temp2color
                0x0000000008003640       0x8e ./Core/Src/main.o
                0x0000000008003640                temp2color
 .text.colorgradient
                0x00000000080036ce       0x68 ./Core/Src/main.o
                0x00000000080036ce                colorgradient
 *fill*         0x0000000008003736        0x2 
 .text.readECG  0x0000000008003738       0x4c ./Core/Src/main.o
                0x0000000008003738                readECG
 .text.displayTemperature
                0x0000000008003784       0xa0 ./Core/Src/main.o
                0x0000000008003784                displayTemperature
 .text.readTemperature
                0x0000000008003824       0x3c ./Core/Src/main.o
                0x0000000008003824                readTemperature
 .text.readHnS  0x0000000008003860      0x130 ./Core/Src/main.o
                0x0000000008003860                readHnS
 .text.displayHnS
                0x0000000008003990       0xec ./Core/Src/main.o
                0x0000000008003990                displayHnS
 .text.ecgPeak  0x0000000008003a7c      0x3e0 ./Core/Src/main.o
                0x0000000008003a7c                ecgPeak
 .text.ecgLine  0x0000000008003e5c      0x170 ./Core/Src/main.o
                0x0000000008003e5c                ecgLine
 .text.LCD_ECGAnimation
                0x0000000008003fcc       0x54 ./Core/Src/main.o
                0x0000000008003fcc                LCD_ECGAnimation
 .text.EXTI4_15_IRQHandler
                0x0000000008004020       0x60 ./Core/Src/main.o
                0x0000000008004020                EXTI4_15_IRQHandler
 .text.USART3_4_IRQHandler
                0x0000000008004080       0x88 ./Core/Src/main.o
                0x0000000008004080                USART3_4_IRQHandler
 .text.StartDefaultTask
                0x0000000008004108       0xf4 ./Core/Src/main.o
                0x0000000008004108                StartDefaultTask
 .text.StartTask02
                0x00000000080041fc      0x148 ./Core/Src/main.o
                0x00000000080041fc                StartTask02
 .text.StartTask03
                0x0000000008004344       0xfc ./Core/Src/main.o
                0x0000000008004344                StartTask03
 .text.Error_Handler
                0x0000000008004440        0xa ./Core/Src/main.o
                0x0000000008004440                Error_Handler
 *fill*         0x000000000800444a        0x2 
 .text.HAL_MspInit
                0x000000000800444c       0x54 ./Core/Src/stm32f0xx_hal_msp.o
                0x000000000800444c                HAL_MspInit
 .text.NMI_Handler
                0x00000000080044a0        0x6 ./Core/Src/stm32f0xx_it.o
                0x00000000080044a0                NMI_Handler
 .text.HardFault_Handler
                0x00000000080044a6        0x6 ./Core/Src/stm32f0xx_it.o
                0x00000000080044a6                HardFault_Handler
 .text.SysTick_Handler
                0x00000000080044ac       0x1c ./Core/Src/stm32f0xx_it.o
                0x00000000080044ac                SysTick_Handler
 .text._getpid  0x00000000080044c8        0xc ./Core/Src/syscalls.o
                0x00000000080044c8                _getpid
 .text._kill    0x00000000080044d4       0x20 ./Core/Src/syscalls.o
                0x00000000080044d4                _kill
 .text._exit    0x00000000080044f4       0x18 ./Core/Src/syscalls.o
                0x00000000080044f4                _exit
 .text._read    0x000000000800450c       0x3a ./Core/Src/syscalls.o
                0x000000000800450c                _read
 .text._write   0x0000000008004546       0x38 ./Core/Src/syscalls.o
                0x0000000008004546                _write
 .text._close   0x000000000800457e       0x14 ./Core/Src/syscalls.o
                0x000000000800457e                _close
 .text._fstat   0x0000000008004592       0x1c ./Core/Src/syscalls.o
                0x0000000008004592                _fstat
 .text._isatty  0x00000000080045ae       0x12 ./Core/Src/syscalls.o
                0x00000000080045ae                _isatty
 .text._lseek   0x00000000080045c0       0x16 ./Core/Src/syscalls.o
                0x00000000080045c0                _lseek
 *fill*         0x00000000080045d6        0x2 
 .text._sbrk    0x00000000080045d8       0x6c ./Core/Src/sysmem.o
                0x00000000080045d8                _sbrk
 .text.SystemInit
                0x0000000008004644        0xa ./Core/Src/system_stm32f0xx.o
                0x0000000008004644                SystemInit
 *fill*         0x000000000800464e        0x2 
 .text.Reset_Handler
                0x0000000008004650       0x50 ./Core/Startup/startup_stm32f070rbtx.o
                0x0000000008004650                Reset_Handler
 .text.Default_Handler
                0x00000000080046a0        0x2 ./Core/Startup/startup_stm32f070rbtx.o
                0x00000000080046a0                TIM1_CC_IRQHandler
                0x00000000080046a0                I2C1_IRQHandler
                0x00000000080046a0                SPI1_IRQHandler
                0x00000000080046a0                EXTI2_3_IRQHandler
                0x00000000080046a0                ADC1_IRQHandler
                0x00000000080046a0                I2C2_IRQHandler
                0x00000000080046a0                TIM17_IRQHandler
                0x00000000080046a0                RTC_IRQHandler
                0x00000000080046a0                TIM16_IRQHandler
                0x00000000080046a0                TIM3_IRQHandler
                0x00000000080046a0                RCC_IRQHandler
                0x00000000080046a0                DMA1_Channel1_IRQHandler
                0x00000000080046a0                Default_Handler
                0x00000000080046a0                TIM14_IRQHandler
                0x00000000080046a0                DMA1_Channel4_5_IRQHandler
                0x00000000080046a0                TIM7_IRQHandler
                0x00000000080046a0                TIM15_IRQHandler
                0x00000000080046a0                EXTI0_1_IRQHandler
                0x00000000080046a0                USB_IRQHandler
                0x00000000080046a0                SPI2_IRQHandler
                0x00000000080046a0                WWDG_IRQHandler
                0x00000000080046a0                DMA1_Channel2_3_IRQHandler
                0x00000000080046a0                USART2_IRQHandler
                0x00000000080046a0                FLASH_IRQHandler
                0x00000000080046a0                USART1_IRQHandler
                0x00000000080046a0                TIM1_BRK_UP_TRG_COM_IRQHandler
 *fill*         0x00000000080046a2        0x2 
 .text.HAL_Init
                0x00000000080046a4       0x28 ./Drivers/STM32F0xx_HAL_Driver/Src/stm32f0xx_hal.o
                0x00000000080046a4                HAL_Init
 .text.HAL_InitTick
                0x00000000080046cc       0x68 ./Drivers/STM32F0xx_HAL_Driver/Src/stm32f0xx_hal.o
                0x00000000080046cc                HAL_InitTick
 .text.HAL_IncTick
                0x0000000008004734       0x24 ./Drivers/STM32F0xx_HAL_Driver/Src/stm32f0xx_hal.o
                0x0000000008004734                HAL_IncTick
 .text.HAL_GetTick
                0x0000000008004758       0x14 ./Drivers/STM32F0xx_HAL_Driver/Src/stm32f0xx_hal.o
                0x0000000008004758                HAL_GetTick
 .text.__NVIC_SetPriority
                0x000000000800476c       0xdc ./Drivers/STM32F0xx_HAL_Driver/Src/stm32f0xx_hal_cortex.o
 .text.SysTick_Config
                0x0000000008004848       0x48 ./Drivers/STM32F0xx_HAL_Driver/Src/stm32f0xx_hal_cortex.o
 .text.HAL_NVIC_SetPriority
                0x0000000008004890       0x2a ./Drivers/STM32F0xx_HAL_Driver/Src/stm32f0xx_hal_cortex.o
                0x0000000008004890                HAL_NVIC_SetPriority
 .text.HAL_SYSTICK_Config
                0x00000000080048ba       0x1a ./Drivers/STM32F0xx_HAL_Driver/Src/stm32f0xx_hal_cortex.o
                0x00000000080048ba                HAL_SYSTICK_Config
 .text.HAL_RCC_OscConfig
                0x00000000080048d4      0x63c ./Drivers/STM32F0xx_HAL_Driver/Src/stm32f0xx_hal_rcc.o
                0x00000000080048d4                HAL_RCC_OscConfig
 .text.HAL_RCC_ClockConfig
                0x0000000008004f10      0x19c ./Drivers/STM32F0xx_HAL_Driver/Src/stm32f0xx_hal_rcc.o
                0x0000000008004f10                HAL_RCC_ClockConfig
 .text.HAL_RCC_GetSysClockFreq
                0x00000000080050ac       0xcc ./Drivers/STM32F0xx_HAL_Driver/Src/stm32f0xx_hal_rcc.o
                0x00000000080050ac                HAL_RCC_GetSysClockFreq
 .text.adc_calib
                0x0000000008005178       0xb0 ./Libraries/BML_DRIVERS/Src/adc.o
                0x0000000008005178                adc_calib
 .text.adc_ready
                0x0000000008005228       0x70 ./Libraries/BML_DRIVERS/Src/adc.o
                0x0000000008005228                adc_ready
 .text.adc_clk_config
                0x0000000008005298       0x68 ./Libraries/BML_DRIVERS/Src/adc.o
                0x0000000008005298                adc_clk_config
 .text.adc_sample_time
                0x0000000008005300       0x28 ./Libraries/BML_DRIVERS/Src/adc.o
                0x0000000008005300                adc_sample_time
 .text.adc_en   0x0000000008005328       0x44 ./Libraries/BML_DRIVERS/Src/adc.o
                0x0000000008005328                adc_en
 .text.adc_read
                0x000000000800536c       0x7c ./Libraries/BML_DRIVERS/Src/adc.o
                0x000000000800536c                adc_read
 .text.adc_chsel
                0x00000000080053e8      0x174 ./Libraries/BML_DRIVERS/Src/adc.o
                0x00000000080053e8                adc_chsel
 .text.adc_config
                0x000000000800555c       0xd8 ./Libraries/BML_DRIVERS/Src/adc.o
                0x000000000800555c                adc_config
 .text.__NVIC_EnableIRQ
                0x0000000008005634       0x34 ./Libraries/BML_DRIVERS/Src/gpio.o
 .text.map      0x0000000008005668       0x62 ./Libraries/BML_DRIVERS/Src/gpio.o
                0x0000000008005668                map
 *fill*         0x00000000080056ca        0x2 
 .text.gpio_clk_en
                0x00000000080056cc       0x90 ./Libraries/BML_DRIVERS/Src/gpio.o
                0x00000000080056cc                gpio_clk_en
 .text.gpio_config
                0x000000000800575c       0xd8 ./Libraries/BML_DRIVERS/Src/gpio.o
                0x000000000800575c                gpio_config
 .text.gpio_moder
                0x0000000008005834       0x30 ./Libraries/BML_DRIVERS/Src/gpio.o
                0x0000000008005834                gpio_moder
 .text.gpio_speed
                0x0000000008005864       0x30 ./Libraries/BML_DRIVERS/Src/gpio.o
                0x0000000008005864                gpio_speed
 .text.gpio_PUPD
                0x0000000008005894       0x30 ./Libraries/BML_DRIVERS/Src/gpio.o
                0x0000000008005894                gpio_PUPD
 .text.gpio_PHPL_OD
                0x00000000080058c4       0x26 ./Libraries/BML_DRIVERS/Src/gpio.o
                0x00000000080058c4                gpio_PHPL_OD
 .text.gpio_altfn
                0x00000000080058ea       0x46 ./Libraries/BML_DRIVERS/Src/gpio.o
                0x00000000080058ea                gpio_altfn
 .text.gpio_write
                0x0000000008005930       0x3e ./Libraries/BML_DRIVERS/Src/gpio.o
                0x0000000008005930                gpio_write
 *fill*         0x000000000800596e        0x2 
 .text.gpio_IT_config
                0x0000000008005970      0x358 ./Libraries/BML_DRIVERS/Src/gpio.o
                0x0000000008005970                gpio_IT_config
 .text.gpio_IT_EN
                0x0000000008005cc8       0x40 ./Libraries/BML_DRIVERS/Src/gpio.o
                0x0000000008005cc8                gpio_IT_EN
 .text.gpio_IT_CHK
                0x0000000008005d08       0x30 ./Libraries/BML_DRIVERS/Src/gpio.o
                0x0000000008005d08                gpio_IT_CHK
 .text.gpio_IT_CLR
                0x0000000008005d38       0x24 ./Libraries/BML_DRIVERS/Src/gpio.o
                0x0000000008005d38                gpio_IT_CLR
 .text.I2C_EN   0x0000000008005d5c       0x1c ./Libraries/BML_DRIVERS/Src/i2c.o
                0x0000000008005d5c                I2C_EN
 .text.I2C_DI   0x0000000008005d78       0x1e ./Libraries/BML_DRIVERS/Src/i2c.o
                0x0000000008005d78                I2C_DI
 *fill*         0x0000000008005d96        0x2 
 .text.I2C_INIT
                0x0000000008005d98       0x60 ./Libraries/BML_DRIVERS/Src/i2c.o
                0x0000000008005d98                I2C_INIT
 .text.I2C_CR2  0x0000000008005df8       0x18 ./Libraries/BML_DRIVERS/Src/i2c.o
                0x0000000008005df8                I2C_CR2
 .text.I2C_DeviceReady
                0x0000000008005e10       0xbe ./Libraries/BML_DRIVERS/Src/i2c.o
                0x0000000008005e10                I2C_DeviceReady
 *fill*         0x0000000008005ece        0x2 
 .text.I2C_MasterMultiRead
                0x0000000008005ed0      0x1b0 ./Libraries/BML_DRIVERS/Src/i2c.o
                0x0000000008005ed0                I2C_MasterMultiRead
 .text.TIM6_IRQHandler
                0x0000000008006080       0x2c ./Libraries/BML_DRIVERS/Src/software_timer.o
                0x0000000008006080                TIM6_IRQHandler
 .text.__NVIC_EnableIRQ
                0x00000000080060ac       0x34 ./Libraries/BML_DRIVERS/Src/uart.o
 .text.USART_INIT
                0x00000000080060e0       0x48 ./Libraries/BML_DRIVERS/Src/uart.o
                0x00000000080060e0                USART_INIT
 .text.USART_IT_EN
                0x0000000008006128       0xac ./Libraries/BML_DRIVERS/Src/uart.o
                0x0000000008006128                USART_IT_EN
 .text.USART_CLK_EN
                0x00000000080061d4       0x84 ./Libraries/BML_DRIVERS/Src/uart.o
                0x00000000080061d4                USART_CLK_EN
 .text.USART_PIN_CONFIG
                0x0000000008006258      0x228 ./Libraries/BML_DRIVERS/Src/uart.o
                0x0000000008006258                USART_PIN_CONFIG
 .text.USART_BDR_SEL
                0x0000000008006480       0x34 ./Libraries/BML_DRIVERS/Src/uart.o
                0x0000000008006480                USART_BDR_SEL
 .text.USART_WRITE
                0x00000000080064b4       0x76 ./Libraries/BML_DRIVERS/Src/uart.o
                0x00000000080064b4                USART_WRITE
 *fill*         0x000000000800652a        0x2 
 .text.print    0x000000000800652c       0x50 ./Libraries/BML_DRIVERS/Src/uart.o
                0x000000000800652c                print
 .text.uart_print_config
                0x000000000800657c       0x2c ./Libraries/BML_DRIVERS/Src/uart.o
                0x000000000800657c                uart_print_config
 .text.mlx90614_read16
                0x00000000080065a8       0x54 ./Libraries/MLX90614_LIB/Src/MLX90614.o
                0x00000000080065a8                mlx90614_read16
 .text.mlx90614_calcTemperature
                0x00000000080065fc       0x9c ./Libraries/MLX90614_LIB/Src/MLX90614.o
                0x00000000080065fc                mlx90614_calcTemperature
 .text.mlx90614_init
                0x0000000008006698       0x98 ./Libraries/MLX90614_LIB/Src/MLX90614.o
                0x0000000008006698                mlx90614_init
 .text.mlx90614_setUnit
                0x0000000008006730       0x20 ./Libraries/MLX90614_LIB/Src/MLX90614.o
                0x0000000008006730                mlx90614_setUnit
 .text.mlx90614_readID
                0x0000000008006750       0x78 ./Libraries/MLX90614_LIB/Src/MLX90614.o
                0x0000000008006750                mlx90614_readID
 .text.mlx90614_getEmissivity
                0x00000000080067c8       0x78 ./Libraries/MLX90614_LIB/Src/MLX90614.o
                0x00000000080067c8                mlx90614_getEmissivity
 .text.mlx90614_getMax
                0x0000000008006840       0x44 ./Libraries/MLX90614_LIB/Src/MLX90614.o
                0x0000000008006840                mlx90614_getMax
 .text.mlx90614_getMin
                0x0000000008006884       0x44 ./Libraries/MLX90614_LIB/Src/MLX90614.o
                0x0000000008006884                mlx90614_getMin
 .text.mlx90614_getObject1
                0x00000000080068c8       0x54 ./Libraries/MLX90614_LIB/Src/MLX90614.o
                0x00000000080068c8                mlx90614_getObject1
 .text.LCD_DrawButton1
                0x000000000800691c      0x158 ./Libraries/tft_lib/Src/graphics.o
                0x000000000800691c                LCD_DrawButton1
 .text.LCD_DrawHBorder
                0x0000000008006a74       0x7e ./Libraries/tft_lib/Src/graphics.o
                0x0000000008006a74                LCD_DrawHBorder
 .text.delay    0x0000000008006af2       0x22 ./Libraries/tft_lib/Src/st7783.o
                0x0000000008006af2                delay
 .text.GPIO_Init
                0x0000000008006b14      0x180 ./Libraries/tft_lib/Src/st7783.o
 .text.LCD_Begin
                0x0000000008006c94      0x164 ./Libraries/tft_lib/Src/st7783.o
                0x0000000008006c94                LCD_Begin
 .text.LCD_DrawPixel
                0x0000000008006df8      0x234 ./Libraries/tft_lib/Src/st7783.o
                0x0000000008006df8                LCD_DrawPixel
 .text.LCD_DrawLine
                0x000000000800702c      0x1f2 ./Libraries/tft_lib/Src/st7783.o
                0x000000000800702c                LCD_DrawLine
 *fill*         0x000000000800721e        0x2 
 .text.LCD_DrawFastHLine
                0x0000000008007220      0x130 ./Libraries/tft_lib/Src/st7783.o
                0x0000000008007220                LCD_DrawFastHLine
 .text.LCD_DrawFastVLine
                0x0000000008007350       0x5e ./Libraries/tft_lib/Src/st7783.o
                0x0000000008007350                LCD_DrawFastVLine
 .text.LCD_DrawRect
                0x00000000080073ae       0xb8 ./Libraries/tft_lib/Src/st7783.o
                0x00000000080073ae                LCD_DrawRect
 .text.LCD_DrawRoundRect
                0x0000000008007466      0x240 ./Libraries/tft_lib/Src/st7783.o
                0x0000000008007466                LCD_DrawRoundRect
 .text.LCD_DrawCircleHelper
                0x00000000080076a6      0x284 ./Libraries/tft_lib/Src/st7783.o
                0x00000000080076a6                LCD_DrawCircleHelper
 *fill*         0x000000000800792a        0x2 
 .text.LCD_DrawChar
                0x000000000800792c      0x270 ./Libraries/tft_lib/Src/st7783.o
                0x000000000800792c                LCD_DrawChar
 .text.LCD_FillCircleHelper
                0x0000000008007b9c      0x304 ./Libraries/tft_lib/Src/st7783.o
                0x0000000008007b9c                LCD_FillCircleHelper
 .text.LCD_FillRect
                0x0000000008007ea0      0x1b8 ./Libraries/tft_lib/Src/st7783.o
                0x0000000008007ea0                LCD_FillRect
 .text.LCD_FillRoundRect
                0x0000000008008058      0x12c ./Libraries/tft_lib/Src/st7783.o
                0x0000000008008058                LCD_FillRoundRect
 .text.LCD_Flood
                0x0000000008008184      0x340 ./Libraries/tft_lib/Src/st7783.o
                0x0000000008008184                LCD_Flood
 .text.LCD_Printf
                0x00000000080084c4      0x12c ./Libraries/tft_lib/Src/st7783.o
                0x00000000080084c4                LCD_Printf
 .text.LCD_Reset
                0x00000000080085f0       0xcc ./Libraries/tft_lib/Src/st7783.o
                0x00000000080085f0                LCD_Reset
 .text.LCD_SetCursor
                0x00000000080086bc       0x2c ./Libraries/tft_lib/Src/st7783.o
                0x00000000080086bc                LCD_SetCursor
 .text.LCD_SetTextSize
                0x00000000080086e8       0x2c ./Libraries/tft_lib/Src/st7783.o
                0x00000000080086e8                LCD_SetTextSize
 .text.LCD_SetTextColor
                0x0000000008008714       0x34 ./Libraries/tft_lib/Src/st7783.o
                0x0000000008008714                LCD_SetTextColor
 .text.LCD_SetRotation
                0x0000000008008748       0x68 ./Libraries/tft_lib/Src/st7783.o
                0x0000000008008748                LCD_SetRotation
 .text.LCD_SetAddrWindow
                0x00000000080087b0      0x324 ./Libraries/tft_lib/Src/st7783.o
                0x00000000080087b0                LCD_SetAddrWindow
 .text.LCD_Write8
                0x0000000008008ad4       0xf4 ./Libraries/tft_lib/Src/st7783.o
 .text.makeFreeRtosPriority
                0x0000000008008bc8       0x32 ./Middlewares/Third_Party/FreeRTOS/Source/CMSIS_RTOS/cmsis_os.o
 .text.osKernelStart
                0x0000000008008bfa       0x10 ./Middlewares/Third_Party/FreeRTOS/Source/CMSIS_RTOS/cmsis_os.o
                0x0000000008008bfa                osKernelStart
 .text.osThreadCreate
                0x0000000008008c0a       0x9a ./Middlewares/Third_Party/FreeRTOS/Source/CMSIS_RTOS/cmsis_os.o
                0x0000000008008c0a                osThreadCreate
 .text.osDelay  0x0000000008008ca4       0x28 ./Middlewares/Third_Party/FreeRTOS/Source/CMSIS_RTOS/cmsis_os.o
                0x0000000008008ca4                osDelay
 .text.osSemaphoreCreate
                0x0000000008008ccc       0x66 ./Middlewares/Third_Party/FreeRTOS/Source/CMSIS_RTOS/cmsis_os.o
                0x0000000008008ccc                osSemaphoreCreate
 .text.osMessageCreate
                0x0000000008008d32       0x50 ./Middlewares/Third_Party/FreeRTOS/Source/CMSIS_RTOS/cmsis_os.o
                0x0000000008008d32                osMessageCreate
 .text.vListInitialise
                0x0000000008008d82       0x3c ./Middlewares/Third_Party/FreeRTOS/Source/list.o
                0x0000000008008d82                vListInitialise
 .text.vListInitialiseItem
                0x0000000008008dbe       0x16 ./Middlewares/Third_Party/FreeRTOS/Source/list.o
                0x0000000008008dbe                vListInitialiseItem
 .text.vListInsertEnd
                0x0000000008008dd4       0x44 ./Middlewares/Third_Party/FreeRTOS/Source/list.o
                0x0000000008008dd4                vListInsertEnd
 .text.vListInsert
                0x0000000008008e18       0x6c ./Middlewares/Third_Party/FreeRTOS/Source/list.o
                0x0000000008008e18                vListInsert
 .text.uxListRemove
                0x0000000008008e84       0x50 ./Middlewares/Third_Party/FreeRTOS/Source/list.o
                0x0000000008008e84                uxListRemove
 .text.xQueueGenericReset
                0x0000000008008ed4       0xa8 ./Middlewares/Third_Party/FreeRTOS/Source/queue.o
                0x0000000008008ed4                xQueueGenericReset
 .text.xQueueGenericCreateStatic
                0x0000000008008f7c       0x96 ./Middlewares/Third_Party/FreeRTOS/Source/queue.o
                0x0000000008008f7c                xQueueGenericCreateStatic
 .text.xQueueGenericCreate
                0x0000000008009012       0x6c ./Middlewares/Third_Party/FreeRTOS/Source/queue.o
                0x0000000008009012                xQueueGenericCreate
 .text.prvInitialiseNewQueue
                0x000000000800907e       0x44 ./Middlewares/Third_Party/FreeRTOS/Source/queue.o
 .text.xQueueGenericSend
                0x00000000080090c2      0x188 ./Middlewares/Third_Party/FreeRTOS/Source/queue.o
                0x00000000080090c2                xQueueGenericSend
 .text.prvCopyDataToQueue
                0x000000000800924a       0xd6 ./Middlewares/Third_Party/FreeRTOS/Source/queue.o
 .text.prvUnlockQueue
                0x0000000008009320       0xbc ./Middlewares/Third_Party/FreeRTOS/Source/queue.o
 .text.prvIsQueueFull
                0x00000000080093dc       0x30 ./Middlewares/Third_Party/FreeRTOS/Source/queue.o
 .text.xTaskCreateStatic
                0x000000000800940c       0x86 ./Middlewares/Third_Party/FreeRTOS/Source/tasks.o
                0x000000000800940c                xTaskCreateStatic
 .text.xTaskCreate
                0x0000000008009492       0x98 ./Middlewares/Third_Party/FreeRTOS/Source/tasks.o
                0x0000000008009492                xTaskCreate
 *fill*         0x000000000800952a        0x2 
 .text.prvInitialiseNewTask
                0x000000000800952c      0x120 ./Middlewares/Third_Party/FreeRTOS/Source/tasks.o
 .text.prvAddNewTaskToReadyList
                0x000000000800964c       0xc8 ./Middlewares/Third_Party/FreeRTOS/Source/tasks.o
 .text.vTaskDelay
                0x0000000008009714       0x4c ./Middlewares/Third_Party/FreeRTOS/Source/tasks.o
                0x0000000008009714                vTaskDelay
 .text.vTaskStartScheduler
                0x0000000008009760       0xb0 ./Middlewares/Third_Party/FreeRTOS/Source/tasks.o
                0x0000000008009760                vTaskStartScheduler
 .text.vTaskSuspendAll
                0x0000000008009810       0x18 ./Middlewares/Third_Party/FreeRTOS/Source/tasks.o
                0x0000000008009810                vTaskSuspendAll
 .text.xTaskResumeAll
                0x0000000008009828      0x118 ./Middlewares/Third_Party/FreeRTOS/Source/tasks.o
                0x0000000008009828                xTaskResumeAll
 .text.xTaskIncrementTick
                0x0000000008009940      0x168 ./Middlewares/Third_Party/FreeRTOS/Source/tasks.o
                0x0000000008009940                xTaskIncrementTick
 .text.vTaskSwitchContext
                0x0000000008009aa8       0xb4 ./Middlewares/Third_Party/FreeRTOS/Source/tasks.o
                0x0000000008009aa8                vTaskSwitchContext
 .text.vTaskPlaceOnEventList
                0x0000000008009b5c       0x3c ./Middlewares/Third_Party/FreeRTOS/Source/tasks.o
                0x0000000008009b5c                vTaskPlaceOnEventList
 .text.xTaskRemoveFromEventList
                0x0000000008009b98       0xb8 ./Middlewares/Third_Party/FreeRTOS/Source/tasks.o
                0x0000000008009b98                xTaskRemoveFromEventList
 .text.vTaskInternalSetTimeOutState
                0x0000000008009c50       0x28 ./Middlewares/Third_Party/FreeRTOS/Source/tasks.o
                0x0000000008009c50                vTaskInternalSetTimeOutState
 .text.xTaskCheckForTimeOut
                0x0000000008009c78       0xa0 ./Middlewares/Third_Party/FreeRTOS/Source/tasks.o
                0x0000000008009c78                xTaskCheckForTimeOut
 .text.vTaskMissedYield
                0x0000000008009d18       0x14 ./Middlewares/Third_Party/FreeRTOS/Source/tasks.o
                0x0000000008009d18                vTaskMissedYield
 .text.prvIdleTask
                0x0000000008009d2c       0x20 ./Middlewares/Third_Party/FreeRTOS/Source/tasks.o
 .text.prvInitialiseTaskLists
                0x0000000008009d4c       0x88 ./Middlewares/Third_Party/FreeRTOS/Source/tasks.o
 .text.prvCheckTasksWaitingTermination
                0x0000000008009dd4       0x5c ./Middlewares/Third_Party/FreeRTOS/Source/tasks.o
 .text.prvDeleteTCB
                0x0000000008009e30       0x5a ./Middlewares/Third_Party/FreeRTOS/Source/tasks.o
 *fill*         0x0000000008009e8a        0x2 
 .text.prvResetNextTaskUnblockTime
                0x0000000008009e8c       0x48 ./Middlewares/Third_Party/FreeRTOS/Source/tasks.o
 .text.xTaskGetSchedulerState
                0x0000000008009ed4       0x38 ./Middlewares/Third_Party/FreeRTOS/Source/tasks.o
                0x0000000008009ed4                xTaskGetSchedulerState
 .text.xTaskPriorityDisinherit
                0x0000000008009f0c       0xb8 ./Middlewares/Third_Party/FreeRTOS/Source/tasks.o
                0x0000000008009f0c                xTaskPriorityDisinherit
 .text.prvAddCurrentTaskToDelayedList
                0x0000000008009fc4       0xa8 ./Middlewares/Third_Party/FreeRTOS/Source/tasks.o
 .text.pxPortInitialiseStack
                0x000000000800a06c       0x54 ./Middlewares/Third_Party/FreeRTOS/Source/portable/GCC/ARM_CM0/port.o
                0x000000000800a06c                pxPortInitialiseStack
 .text.prvTaskExitError
                0x000000000800a0c0       0x30 ./Middlewares/Third_Party/FreeRTOS/Source/portable/GCC/ARM_CM0/port.o
 .text.SVC_Handler
                0x000000000800a0f0        0xa ./Middlewares/Third_Party/FreeRTOS/Source/portable/GCC/ARM_CM0/port.o
                0x000000000800a0f0                SVC_Handler
 *fill*         0x000000000800a0fa        0x6 
 .text.vPortStartFirstTask
                0x000000000800a100       0x38 ./Middlewares/Third_Party/FreeRTOS/Source/portable/GCC/ARM_CM0/port.o
 .text.xPortStartScheduler
                0x000000000800a138       0x48 ./Middlewares/Third_Party/FreeRTOS/Source/portable/GCC/ARM_CM0/port.o
                0x000000000800a138                xPortStartScheduler
 .text.vPortYield
                0x000000000800a180       0x20 ./Middlewares/Third_Party/FreeRTOS/Source/portable/GCC/ARM_CM0/port.o
                0x000000000800a180                vPortYield
 .text.vPortEnterCritical
                0x000000000800a1a0       0x24 ./Middlewares/Third_Party/FreeRTOS/Source/portable/GCC/ARM_CM0/port.o
                0x000000000800a1a0                vPortEnterCritical
 .text.vPortExitCritical
                0x000000000800a1c4       0x30 ./Middlewares/Third_Party/FreeRTOS/Source/portable/GCC/ARM_CM0/port.o
                0x000000000800a1c4                vPortExitCritical
 .text.ulSetInterruptMaskFromISR
                0x000000000800a1f4        0xc ./Middlewares/Third_Party/FreeRTOS/Source/portable/GCC/ARM_CM0/port.o
                0x000000000800a1f4                ulSetInterruptMaskFromISR
 .text.vClearInterruptMaskFromISR
                0x000000000800a200        0x8 ./Middlewares/Third_Party/FreeRTOS/Source/portable/GCC/ARM_CM0/port.o
                0x000000000800a200                vClearInterruptMaskFromISR
 *fill*         0x000000000800a208        0x8 
 .text.PendSV_Handler
                0x000000000800a210       0x48 ./Middlewares/Third_Party/FreeRTOS/Source/portable/GCC/ARM_CM0/port.o
                0x000000000800a210                PendSV_Handler
 .text.xPortSysTickHandler
                0x000000000800a258       0x34 ./Middlewares/Third_Party/FreeRTOS/Source/portable/GCC/ARM_CM0/port.o
                0x000000000800a258                xPortSysTickHandler
 .text.prvSetupTimerInterrupt
                0x000000000800a28c       0x44 ./Middlewares/Third_Party/FreeRTOS/Source/portable/GCC/ARM_CM0/port.o
 .text.pvPortMalloc
                0x000000000800a2d0      0x14c ./Middlewares/Third_Party/FreeRTOS/Source/portable/MemMang/heap_4.o
                0x000000000800a2d0                pvPortMalloc
 .text.vPortFree
                0x000000000800a41c       0x90 ./Middlewares/Third_Party/FreeRTOS/Source/portable/MemMang/heap_4.o
                0x000000000800a41c                vPortFree
 .text.prvHeapInit
                0x000000000800a4ac       0xc0 ./Middlewares/Third_Party/FreeRTOS/Source/portable/MemMang/heap_4.o
 .text.prvInsertBlockIntoFreeList
                0x000000000800a56c       0xb0 ./Middlewares/Third_Party/FreeRTOS/Source/portable/MemMang/heap_4.o
 .text.atof     0x000000000800a61c        0xa c:/st/stm32cubeide_1.7.0/stm32cubeide/plugins/com.st.stm32cube.ide.mcu.externaltools.gnu-tools-for-stm32.10.3-2021.10.win32_1.0.0.202111181127/tools/bin/../lib/gcc/arm-none-eabi/10.3.1/../../../../arm-none-eabi/lib/thumb/v6-m/nofp\libc_nano.a(lib_a-atof.o)
                0x000000000800a61c                atof
 .text.atoi     0x000000000800a626        0xc c:/st/stm32cubeide_1.7.0/stm32cubeide/plugins/com.st.stm32cube.ide.mcu.externaltools.gnu-tools-for-stm32.10.3-2021.10.win32_1.0.0.202111181127/tools/bin/../lib/gcc/arm-none-eabi/10.3.1/../../../../arm-none-eabi/lib/thumb/v6-m/nofp\libc_nano.a(lib_a-atoi.o)
                0x000000000800a626                atoi
 *fill*         0x000000000800a632        0x2 
 .text.__errno  0x000000000800a634        0xc c:/st/stm32cubeide_1.7.0/stm32cubeide/plugins/com.st.stm32cube.ide.mcu.externaltools.gnu-tools-for-stm32.10.3-2021.10.win32_1.0.0.202111181127/tools/bin/../lib/gcc/arm-none-eabi/10.3.1/../../../../arm-none-eabi/lib/thumb/v6-m/nofp\libc_nano.a(lib_a-errno.o)
                0x000000000800a634                __errno
 .text.std      0x000000000800a640       0x48 c:/st/stm32cubeide_1.7.0/stm32cubeide/plugins/com.st.stm32cube.ide.mcu.externaltools.gnu-tools-for-stm32.10.3-2021.10.win32_1.0.0.202111181127/tools/bin/../lib/gcc/arm-none-eabi/10.3.1/../../../../arm-none-eabi/lib/thumb/v6-m/nofp\libc_nano.a(lib_a-findfp.o)
 .text._cleanup_r
                0x000000000800a688       0x10 c:/st/stm32cubeide_1.7.0/stm32cubeide/plugins/com.st.stm32cube.ide.mcu.externaltools.gnu-tools-for-stm32.10.3-2021.10.win32_1.0.0.202111181127/tools/bin/../lib/gcc/arm-none-eabi/10.3.1/../../../../arm-none-eabi/lib/thumb/v6-m/nofp\libc_nano.a(lib_a-findfp.o)
                0x000000000800a688                _cleanup_r
 .text.__sfmoreglue
                0x000000000800a698       0x2c c:/st/stm32cubeide_1.7.0/stm32cubeide/plugins/com.st.stm32cube.ide.mcu.externaltools.gnu-tools-for-stm32.10.3-2021.10.win32_1.0.0.202111181127/tools/bin/../lib/gcc/arm-none-eabi/10.3.1/../../../../arm-none-eabi/lib/thumb/v6-m/nofp\libc_nano.a(lib_a-findfp.o)
                0x000000000800a698                __sfmoreglue
 .text.__sfp_lock_acquire
                0x000000000800a6c4       0x10 c:/st/stm32cubeide_1.7.0/stm32cubeide/plugins/com.st.stm32cube.ide.mcu.externaltools.gnu-tools-for-stm32.10.3-2021.10.win32_1.0.0.202111181127/tools/bin/../lib/gcc/arm-none-eabi/10.3.1/../../../../arm-none-eabi/lib/thumb/v6-m/nofp\libc_nano.a(lib_a-findfp.o)
                0x000000000800a6c4                __sfp_lock_acquire
 .text.__sfp_lock_release
                0x000000000800a6d4       0x10 c:/st/stm32cubeide_1.7.0/stm32cubeide/plugins/com.st.stm32cube.ide.mcu.externaltools.gnu-tools-for-stm32.10.3-2021.10.win32_1.0.0.202111181127/tools/bin/../lib/gcc/arm-none-eabi/10.3.1/../../../../arm-none-eabi/lib/thumb/v6-m/nofp\libc_nano.a(lib_a-findfp.o)
                0x000000000800a6d4                __sfp_lock_release
 .text.__sinit_lock_acquire
                0x000000000800a6e4       0x10 c:/st/stm32cubeide_1.7.0/stm32cubeide/plugins/com.st.stm32cube.ide.mcu.externaltools.gnu-tools-for-stm32.10.3-2021.10.win32_1.0.0.202111181127/tools/bin/../lib/gcc/arm-none-eabi/10.3.1/../../../../arm-none-eabi/lib/thumb/v6-m/nofp\libc_nano.a(lib_a-findfp.o)
                0x000000000800a6e4                __sinit_lock_acquire
 .text.__sinit_lock_release
                0x000000000800a6f4       0x10 c:/st/stm32cubeide_1.7.0/stm32cubeide/plugins/com.st.stm32cube.ide.mcu.externaltools.gnu-tools-for-stm32.10.3-2021.10.win32_1.0.0.202111181127/tools/bin/../lib/gcc/arm-none-eabi/10.3.1/../../../../arm-none-eabi/lib/thumb/v6-m/nofp\libc_nano.a(lib_a-findfp.o)
                0x000000000800a6f4                __sinit_lock_release
 .text.__sinit  0x000000000800a704       0x70 c:/st/stm32cubeide_1.7.0/stm32cubeide/plugins/com.st.stm32cube.ide.mcu.externaltools.gnu-tools-for-stm32.10.3-2021.10.win32_1.0.0.202111181127/tools/bin/../lib/gcc/arm-none-eabi/10.3.1/../../../../arm-none-eabi/lib/thumb/v6-m/nofp\libc_nano.a(lib_a-findfp.o)
                0x000000000800a704                __sinit
 .text.__sfp    0x000000000800a774       0x90 c:/st/stm32cubeide_1.7.0/stm32cubeide/plugins/com.st.stm32cube.ide.mcu.externaltools.gnu-tools-for-stm32.10.3-2021.10.win32_1.0.0.202111181127/tools/bin/../lib/gcc/arm-none-eabi/10.3.1/../../../../arm-none-eabi/lib/thumb/v6-m/nofp\libc_nano.a(lib_a-findfp.o)
                0x000000000800a774                __sfp
 .text._fwalk_reent
                0x000000000800a804       0x40 c:/st/stm32cubeide_1.7.0/stm32cubeide/plugins/com.st.stm32cube.ide.mcu.externaltools.gnu-tools-for-stm32.10.3-2021.10.win32_1.0.0.202111181127/tools/bin/../lib/gcc/arm-none-eabi/10.3.1/../../../../arm-none-eabi/lib/thumb/v6-m/nofp\libc_nano.a(lib_a-fwalk.o)
                0x000000000800a804                _fwalk_reent
 .text.__libc_init_array
                0x000000000800a844       0x48 c:/st/stm32cubeide_1.7.0/stm32cubeide/plugins/com.st.stm32cube.ide.mcu.externaltools.gnu-tools-for-stm32.10.3-2021.10.win32_1.0.0.202111181127/tools/bin/../lib/gcc/arm-none-eabi/10.3.1/../../../../arm-none-eabi/lib/thumb/v6-m/nofp\libc_nano.a(lib_a-init.o)
                0x000000000800a844                __libc_init_array
 .text.__retarget_lock_init_recursive
                0x000000000800a88c        0x2 c:/st/stm32cubeide_1.7.0/stm32cubeide/plugins/com.st.stm32cube.ide.mcu.externaltools.gnu-tools-for-stm32.10.3-2021.10.win32_1.0.0.202111181127/tools/bin/../lib/gcc/arm-none-eabi/10.3.1/../../../../arm-none-eabi/lib/thumb/v6-m/nofp\libc_nano.a(lib_a-lock.o)
                0x000000000800a88c                __retarget_lock_init_recursive
 .text.__retarget_lock_acquire_recursive
                0x000000000800a88e        0x2 c:/st/stm32cubeide_1.7.0/stm32cubeide/plugins/com.st.stm32cube.ide.mcu.externaltools.gnu-tools-for-stm32.10.3-2021.10.win32_1.0.0.202111181127/tools/bin/../lib/gcc/arm-none-eabi/10.3.1/../../../../arm-none-eabi/lib/thumb/v6-m/nofp\libc_nano.a(lib_a-lock.o)
                0x000000000800a88e                __retarget_lock_acquire_recursive
 .text.__retarget_lock_release_recursive
                0x000000000800a890        0x2 c:/st/stm32cubeide_1.7.0/stm32cubeide/plugins/com.st.stm32cube.ide.mcu.externaltools.gnu-tools-for-stm32.10.3-2021.10.win32_1.0.0.202111181127/tools/bin/../lib/gcc/arm-none-eabi/10.3.1/../../../../arm-none-eabi/lib/thumb/v6-m/nofp\libc_nano.a(lib_a-lock.o)
                0x000000000800a890                __retarget_lock_release_recursive
 .text.memcpy   0x000000000800a892       0x12 c:/st/stm32cubeide_1.7.0/stm32cubeide/plugins/com.st.stm32cube.ide.mcu.externaltools.gnu-tools-for-stm32.10.3-2021.10.win32_1.0.0.202111181127/tools/bin/../lib/gcc/arm-none-eabi/10.3.1/../../../../arm-none-eabi/lib/thumb/v6-m/nofp\libc_nano.a(lib_a-memcpy-stub.o)
                0x000000000800a892                memcpy
 .text.memset   0x000000000800a8a4       0x10 c:/st/stm32cubeide_1.7.0/stm32cubeide/plugins/com.st.stm32cube.ide.mcu.externaltools.gnu-tools-for-stm32.10.3-2021.10.win32_1.0.0.202111181127/tools/bin/../lib/gcc/arm-none-eabi/10.3.1/../../../../arm-none-eabi/lib/thumb/v6-m/nofp\libc_nano.a(lib_a-memset.o)
                0x000000000800a8a4                memset
 .text.sbrk_aligned
                0x000000000800a8b4       0x44 c:/st/stm32cubeide_1.7.0/stm32cubeide/plugins/com.st.stm32cube.ide.mcu.externaltools.gnu-tools-for-stm32.10.3-2021.10.win32_1.0.0.202111181127/tools/bin/../lib/gcc/arm-none-eabi/10.3.1/../../../../arm-none-eabi/lib/thumb/v6-m/nofp\libc_nano.a(lib_a-nano-mallocr.o)
 .text._malloc_r
                0x000000000800a8f8       0xec c:/st/stm32cubeide_1.7.0/stm32cubeide/plugins/com.st.stm32cube.ide.mcu.externaltools.gnu-tools-for-stm32.10.3-2021.10.win32_1.0.0.202111181127/tools/bin/../lib/gcc/arm-none-eabi/10.3.1/../../../../arm-none-eabi/lib/thumb/v6-m/nofp\libc_nano.a(lib_a-nano-mallocr.o)
                0x000000000800a8f8                _malloc_r
 .text.__cvt    0x000000000800a9e4       0xc6 c:/st/stm32cubeide_1.7.0/stm32cubeide/plugins/com.st.stm32cube.ide.mcu.externaltools.gnu-tools-for-stm32.10.3-2021.10.win32_1.0.0.202111181127/tools/bin/../lib/gcc/arm-none-eabi/10.3.1/../../../../arm-none-eabi/lib/thumb/v6-m/nofp\libc_nano.a(lib_a-nano-vfprintf_float.o)
                0x000000000800a9e4                __cvt
 .text.__exponent
                0x000000000800aaaa       0x8e c:/st/stm32cubeide_1.7.0/stm32cubeide/plugins/com.st.stm32cube.ide.mcu.externaltools.gnu-tools-for-stm32.10.3-2021.10.win32_1.0.0.202111181127/tools/bin/../lib/gcc/arm-none-eabi/10.3.1/../../../../arm-none-eabi/lib/thumb/v6-m/nofp\libc_nano.a(lib_a-nano-vfprintf_float.o)
                0x000000000800aaaa                __exponent
 .text._printf_float
                0x000000000800ab38      0x484 c:/st/stm32cubeide_1.7.0/stm32cubeide/plugins/com.st.stm32cube.ide.mcu.externaltools.gnu-tools-for-stm32.10.3-2021.10.win32_1.0.0.202111181127/tools/bin/../lib/gcc/arm-none-eabi/10.3.1/../../../../arm-none-eabi/lib/thumb/v6-m/nofp\libc_nano.a(lib_a-nano-vfprintf_float.o)
                0x000000000800ab38                _printf_float
 .text._printf_common
                0x000000000800afbc       0xde c:/st/stm32cubeide_1.7.0/stm32cubeide/plugins/com.st.stm32cube.ide.mcu.externaltools.gnu-tools-for-stm32.10.3-2021.10.win32_1.0.0.202111181127/tools/bin/../lib/gcc/arm-none-eabi/10.3.1/../../../../arm-none-eabi/lib/thumb/v6-m/nofp\libc_nano.a(lib_a-nano-vfprintf_i.o)
                0x000000000800afbc                _printf_common
 *fill*         0x000000000800b09a        0x2 
 .text._printf_i
                0x000000000800b09c      0x224 c:/st/stm32cubeide_1.7.0/stm32cubeide/plugins/com.st.stm32cube.ide.mcu.externaltools.gnu-tools-for-stm32.10.3-2021.10.win32_1.0.0.202111181127/tools/bin/../lib/gcc/arm-none-eabi/10.3.1/../../../../arm-none-eabi/lib/thumb/v6-m/nofp\libc_nano.a(lib_a-nano-vfprintf_i.o)
                0x000000000800b09c                _printf_i
 .text.cleanup_glue
                0x000000000800b2c0       0x1a c:/st/stm32cubeide_1.7.0/stm32cubeide/plugins/com.st.stm32cube.ide.mcu.externaltools.gnu-tools-for-stm32.10.3-2021.10.win32_1.0.0.202111181127/tools/bin/../lib/gcc/arm-none-eabi/10.3.1/../../../../arm-none-eabi/lib/thumb/v6-m/nofp\libc_nano.a(lib_a-reent.o)
                0x000000000800b2c0                cleanup_glue
 *fill*         0x000000000800b2da        0x2 
 .text._reclaim_reent
                0x000000000800b2dc       0xcc c:/st/stm32cubeide_1.7.0/stm32cubeide/plugins/com.st.stm32cube.ide.mcu.externaltools.gnu-tools-for-stm32.10.3-2021.10.win32_1.0.0.202111181127/tools/bin/../lib/gcc/arm-none-eabi/10.3.1/../../../../arm-none-eabi/lib/thumb/v6-m/nofp\libc_nano.a(lib_a-reent.o)
                0x000000000800b2dc                _reclaim_reent
 .text._sbrk_r  0x000000000800b3a8       0x24 c:/st/stm32cubeide_1.7.0/stm32cubeide/plugins/com.st.stm32cube.ide.mcu.externaltools.gnu-tools-for-stm32.10.3-2021.10.win32_1.0.0.202111181127/tools/bin/../lib/gcc/arm-none-eabi/10.3.1/../../../../arm-none-eabi/lib/thumb/v6-m/nofp\libc_nano.a(lib_a-sbrkr.o)
                0x000000000800b3a8                _sbrk_r
 .text.sprintf  0x000000000800b3cc       0x40 c:/st/stm32cubeide_1.7.0/stm32cubeide/plugins/com.st.stm32cube.ide.mcu.externaltools.gnu-tools-for-stm32.10.3-2021.10.win32_1.0.0.202111181127/tools/bin/../lib/gcc/arm-none-eabi/10.3.1/../../../../arm-none-eabi/lib/thumb/v6-m/nofp\libc_nano.a(lib_a-sprintf.o)
                0x000000000800b3cc                siprintf
                0x000000000800b3cc                sprintf
 .text.__sread  0x000000000800b40c       0x28 c:/st/stm32cubeide_1.7.0/stm32cubeide/plugins/com.st.stm32cube.ide.mcu.externaltools.gnu-tools-for-stm32.10.3-2021.10.win32_1.0.0.202111181127/tools/bin/../lib/gcc/arm-none-eabi/10.3.1/../../../../arm-none-eabi/lib/thumb/v6-m/nofp\libc_nano.a(lib_a-stdio.o)
                0x000000000800b40c                __sread
 .text.__swrite
                0x000000000800b434       0x38 c:/st/stm32cubeide_1.7.0/stm32cubeide/plugins/com.st.stm32cube.ide.mcu.externaltools.gnu-tools-for-stm32.10.3-2021.10.win32_1.0.0.202111181127/tools/bin/../lib/gcc/arm-none-eabi/10.3.1/../../../../arm-none-eabi/lib/thumb/v6-m/nofp\libc_nano.a(lib_a-stdio.o)
                0x000000000800b434                __swrite
 .text.__sseek  0x000000000800b46c       0x2c c:/st/stm32cubeide_1.7.0/stm32cubeide/plugins/com.st.stm32cube.ide.mcu.externaltools.gnu-tools-for-stm32.10.3-2021.10.win32_1.0.0.202111181127/tools/bin/../lib/gcc/arm-none-eabi/10.3.1/../../../../arm-none-eabi/lib/thumb/v6-m/nofp\libc_nano.a(lib_a-stdio.o)
                0x000000000800b46c                __sseek
 .text.__sclose
                0x000000000800b498        0xc c:/st/stm32cubeide_1.7.0/stm32cubeide/plugins/com.st.stm32cube.ide.mcu.externaltools.gnu-tools-for-stm32.10.3-2021.10.win32_1.0.0.202111181127/tools/bin/../lib/gcc/arm-none-eabi/10.3.1/../../../../arm-none-eabi/lib/thumb/v6-m/nofp\libc_nano.a(lib_a-stdio.o)
                0x000000000800b498                __sclose
 .text.strcpy   0x000000000800b4a4       0x10 c:/st/stm32cubeide_1.7.0/stm32cubeide/plugins/com.st.stm32cube.ide.mcu.externaltools.gnu-tools-for-stm32.10.3-2021.10.win32_1.0.0.202111181127/tools/bin/../lib/gcc/arm-none-eabi/10.3.1/../../../../arm-none-eabi/lib/thumb/v6-m/nofp\libc_nano.a(lib_a-strcpy.o)
                0x000000000800b4a4                strcpy
 .text.sulp     0x000000000800b4b4       0x30 c:/st/stm32cubeide_1.7.0/stm32cubeide/plugins/com.st.stm32cube.ide.mcu.externaltools.gnu-tools-for-stm32.10.3-2021.10.win32_1.0.0.202111181127/tools/bin/../lib/gcc/arm-none-eabi/10.3.1/../../../../arm-none-eabi/lib/thumb/v6-m/nofp\libc_nano.a(lib_a-strtod.o)
 .text._strtod_l
                0x000000000800b4e4      0xc28 c:/st/stm32cubeide_1.7.0/stm32cubeide/plugins/com.st.stm32cube.ide.mcu.externaltools.gnu-tools-for-stm32.10.3-2021.10.win32_1.0.0.202111181127/tools/bin/../lib/gcc/arm-none-eabi/10.3.1/../../../../arm-none-eabi/lib/thumb/v6-m/nofp\libc_nano.a(lib_a-strtod.o)
                0x000000000800b4e4                _strtod_l
 .text.strtod   0x000000000800c10c       0x1c c:/st/stm32cubeide_1.7.0/stm32cubeide/plugins/com.st.stm32cube.ide.mcu.externaltools.gnu-tools-for-stm32.10.3-2021.10.win32_1.0.0.202111181127/tools/bin/../lib/gcc/arm-none-eabi/10.3.1/../../../../arm-none-eabi/lib/thumb/v6-m/nofp\libc_nano.a(lib_a-strtod.o)
                0x000000000800c10c                strtod
 .text._strtol_l.constprop.0
                0x000000000800c128      0x11c c:/st/stm32cubeide_1.7.0/stm32cubeide/plugins/com.st.stm32cube.ide.mcu.externaltools.gnu-tools-for-stm32.10.3-2021.10.win32_1.0.0.202111181127/tools/bin/../lib/gcc/arm-none-eabi/10.3.1/../../../../arm-none-eabi/lib/thumb/v6-m/nofp\libc_nano.a(lib_a-strtol.o)
 .text.strtol   0x000000000800c244       0x18 c:/st/stm32cubeide_1.7.0/stm32cubeide/plugins/com.st.stm32cube.ide.mcu.externaltools.gnu-tools-for-stm32.10.3-2021.10.win32_1.0.0.202111181127/tools/bin/../lib/gcc/arm-none-eabi/10.3.1/../../../../arm-none-eabi/lib/thumb/v6-m/nofp\libc_nano.a(lib_a-strtol.o)
                0x000000000800c244                strtol
 .text._vsnprintf_r
                0x000000000800c25c       0x56 c:/st/stm32cubeide_1.7.0/stm32cubeide/plugins/com.st.stm32cube.ide.mcu.externaltools.gnu-tools-for-stm32.10.3-2021.10.win32_1.0.0.202111181127/tools/bin/../lib/gcc/arm-none-eabi/10.3.1/../../../../arm-none-eabi/lib/thumb/v6-m/nofp\libc_nano.a(lib_a-vsnprintf.o)
                0x000000000800c25c                _vsniprintf_r
                0x000000000800c25c                _vsnprintf_r
 *fill*         0x000000000800c2b2        0x2 
 .text.vsnprintf
                0x000000000800c2b4       0x18 c:/st/stm32cubeide_1.7.0/stm32cubeide/plugins/com.st.stm32cube.ide.mcu.externaltools.gnu-tools-for-stm32.10.3-2021.10.win32_1.0.0.202111181127/tools/bin/../lib/gcc/arm-none-eabi/10.3.1/../../../../arm-none-eabi/lib/thumb/v6-m/nofp\libc_nano.a(lib_a-vsnprintf.o)
                0x000000000800c2b4                vsniprintf
                0x000000000800c2b4                vsnprintf
 .text._vsprintf_r
                0x000000000800c2cc       0x2c c:/st/stm32cubeide_1.7.0/stm32cubeide/plugins/com.st.stm32cube.ide.mcu.externaltools.gnu-tools-for-stm32.10.3-2021.10.win32_1.0.0.202111181127/tools/bin/../lib/gcc/arm-none-eabi/10.3.1/../../../../arm-none-eabi/lib/thumb/v6-m/nofp\libc_nano.a(lib_a-vsprintf.o)
                0x000000000800c2cc                _vsprintf_r
                0x000000000800c2cc                _vsiprintf_r
 .text.vsprintf
                0x000000000800c2f8       0x18 c:/st/stm32cubeide_1.7.0/stm32cubeide/plugins/com.st.stm32cube.ide.mcu.externaltools.gnu-tools-for-stm32.10.3-2021.10.win32_1.0.0.202111181127/tools/bin/../lib/gcc/arm-none-eabi/10.3.1/../../../../arm-none-eabi/lib/thumb/v6-m/nofp\libc_nano.a(lib_a-vsprintf.o)
                0x000000000800c2f8                vsiprintf
                0x000000000800c2f8                vsprintf
 .text._write_r
                0x000000000800c310       0x28 c:/st/stm32cubeide_1.7.0/stm32cubeide/plugins/com.st.stm32cube.ide.mcu.externaltools.gnu-tools-for-stm32.10.3-2021.10.win32_1.0.0.202111181127/tools/bin/../lib/gcc/arm-none-eabi/10.3.1/../../../../arm-none-eabi/lib/thumb/v6-m/nofp\libc_nano.a(lib_a-writer.o)
                0x000000000800c310                _write_r
 .text._close_r
                0x000000000800c338       0x24 c:/st/stm32cubeide_1.7.0/stm32cubeide/plugins/com.st.stm32cube.ide.mcu.externaltools.gnu-tools-for-stm32.10.3-2021.10.win32_1.0.0.202111181127/tools/bin/../lib/gcc/arm-none-eabi/10.3.1/../../../../arm-none-eabi/lib/thumb/v6-m/nofp\libc_nano.a(lib_a-closer.o)
                0x000000000800c338                _close_r
 .text.quorem   0x000000000800c35c      0x116 c:/st/stm32cubeide_1.7.0/stm32cubeide/plugins/com.st.stm32cube.ide.mcu.externaltools.gnu-tools-for-stm32.10.3-2021.10.win32_1.0.0.202111181127/tools/bin/../lib/gcc/arm-none-eabi/10.3.1/../../../../arm-none-eabi/lib/thumb/v6-m/nofp\libc_nano.a(lib_a-dtoa.o)
 *fill*         0x000000000800c472        0x2 
 .text._dtoa_r  0x000000000800c474      0xc34 c:/st/stm32cubeide_1.7.0/stm32cubeide/plugins/com.st.stm32cube.ide.mcu.externaltools.gnu-tools-for-stm32.10.3-2021.10.win32_1.0.0.202111181127/tools/bin/../lib/gcc/arm-none-eabi/10.3.1/../../../../arm-none-eabi/lib/thumb/v6-m/nofp\libc_nano.a(lib_a-dtoa.o)
                0x000000000800c474                _dtoa_r
 .text.__sflush_r
                0x000000000800d0a8      0x118 c:/st/stm32cubeide_1.7.0/stm32cubeide/plugins/com.st.stm32cube.ide.mcu.externaltools.gnu-tools-for-stm32.10.3-2021.10.win32_1.0.0.202111181127/tools/bin/../lib/gcc/arm-none-eabi/10.3.1/../../../../arm-none-eabi/lib/thumb/v6-m/nofp\libc_nano.a(lib_a-fflush.o)
                0x000000000800d0a8                __sflush_r
 .text._fflush_r
                0x000000000800d1c0       0x80 c:/st/stm32cubeide_1.7.0/stm32cubeide/plugins/com.st.stm32cube.ide.mcu.externaltools.gnu-tools-for-stm32.10.3-2021.10.win32_1.0.0.202111181127/tools/bin/../lib/gcc/arm-none-eabi/10.3.1/../../../../arm-none-eabi/lib/thumb/v6-m/nofp\libc_nano.a(lib_a-fflush.o)
                0x000000000800d1c0                _fflush_r
 .text.rshift   0x000000000800d240       0xa8 c:/st/stm32cubeide_1.7.0/stm32cubeide/plugins/com.st.stm32cube.ide.mcu.externaltools.gnu-tools-for-stm32.10.3-2021.10.win32_1.0.0.202111181127/tools/bin/../lib/gcc/arm-none-eabi/10.3.1/../../../../arm-none-eabi/lib/thumb/v6-m/nofp\libc_nano.a(lib_a-gdtoa-gethex.o)
 .text.__hexdig_fun
                0x000000000800d2e8       0x2a c:/st/stm32cubeide_1.7.0/stm32cubeide/plugins/com.st.stm32cube.ide.mcu.externaltools.gnu-tools-for-stm32.10.3-2021.10.win32_1.0.0.202111181127/tools/bin/../lib/gcc/arm-none-eabi/10.3.1/../../../../arm-none-eabi/lib/thumb/v6-m/nofp\libc_nano.a(lib_a-gdtoa-gethex.o)
                0x000000000800d2e8                __hexdig_fun
 *fill*         0x000000000800d312        0x2 
 .text.__gethex
                0x000000000800d314      0x478 c:/st/stm32cubeide_1.7.0/stm32cubeide/plugins/com.st.stm32cube.ide.mcu.externaltools.gnu-tools-for-stm32.10.3-2021.10.win32_1.0.0.202111181127/tools/bin/../lib/gcc/arm-none-eabi/10.3.1/../../../../arm-none-eabi/lib/thumb/v6-m/nofp\libc_nano.a(lib_a-gdtoa-gethex.o)
                0x000000000800d314                __gethex
 .text.L_shift  0x000000000800d78c       0x24 c:/st/stm32cubeide_1.7.0/stm32cubeide/plugins/com.st.stm32cube.ide.mcu.externaltools.gnu-tools-for-stm32.10.3-2021.10.win32_1.0.0.202111181127/tools/bin/../lib/gcc/arm-none-eabi/10.3.1/../../../../arm-none-eabi/lib/thumb/v6-m/nofp\libc_nano.a(lib_a-gdtoa-hexnan.o)
 .text.__match  0x000000000800d7b0       0x28 c:/st/stm32cubeide_1.7.0/stm32cubeide/plugins/com.st.stm32cube.ide.mcu.externaltools.gnu-tools-for-stm32.10.3-2021.10.win32_1.0.0.202111181127/tools/bin/../lib/gcc/arm-none-eabi/10.3.1/../../../../arm-none-eabi/lib/thumb/v6-m/nofp\libc_nano.a(lib_a-gdtoa-hexnan.o)
                0x000000000800d7b0                __match
 .text.__hexnan
                0x000000000800d7d8      0x150 c:/st/stm32cubeide_1.7.0/stm32cubeide/plugins/com.st.stm32cube.ide.mcu.externaltools.gnu-tools-for-stm32.10.3-2021.10.win32_1.0.0.202111181127/tools/bin/../lib/gcc/arm-none-eabi/10.3.1/../../../../arm-none-eabi/lib/thumb/v6-m/nofp\libc_nano.a(lib_a-gdtoa-hexnan.o)
                0x000000000800d7d8                __hexnan
 .text._localeconv_r
                0x000000000800d928        0x8 c:/st/stm32cubeide_1.7.0/stm32cubeide/plugins/com.st.stm32cube.ide.mcu.externaltools.gnu-tools-for-stm32.10.3-2021.10.win32_1.0.0.202111181127/tools/bin/../lib/gcc/arm-none-eabi/10.3.1/../../../../arm-none-eabi/lib/thumb/v6-m/nofp\libc_nano.a(lib_a-localeconv.o)
                0x000000000800d928                _localeconv_r
 .text._lseek_r
                0x000000000800d930       0x28 c:/st/stm32cubeide_1.7.0/stm32cubeide/plugins/com.st.stm32cube.ide.mcu.externaltools.gnu-tools-for-stm32.10.3-2021.10.win32_1.0.0.202111181127/tools/bin/../lib/gcc/arm-none-eabi/10.3.1/../../../../arm-none-eabi/lib/thumb/v6-m/nofp\libc_nano.a(lib_a-lseekr.o)
                0x000000000800d930                _lseek_r
 .text.malloc   0x000000000800d958       0x14 c:/st/stm32cubeide_1.7.0/stm32cubeide/plugins/com.st.stm32cube.ide.mcu.externaltools.gnu-tools-for-stm32.10.3-2021.10.win32_1.0.0.202111181127/tools/bin/../lib/gcc/arm-none-eabi/10.3.1/../../../../arm-none-eabi/lib/thumb/v6-m/nofp\libc_nano.a(lib_a-malloc.o)
                0x000000000800d958                malloc
 .text.__ascii_mbtowc
                0x000000000800d96c       0x24 c:/st/stm32cubeide_1.7.0/stm32cubeide/plugins/com.st.stm32cube.ide.mcu.externaltools.gnu-tools-for-stm32.10.3-2021.10.win32_1.0.0.202111181127/tools/bin/../lib/gcc/arm-none-eabi/10.3.1/../../../../arm-none-eabi/lib/thumb/v6-m/nofp\libc_nano.a(lib_a-mbtowc_r.o)
                0x000000000800d96c                __ascii_mbtowc
 .text.memchr   0x000000000800d990       0x16 c:/st/stm32cubeide_1.7.0/stm32cubeide/plugins/com.st.stm32cube.ide.mcu.externaltools.gnu-tools-for-stm32.10.3-2021.10.win32_1.0.0.202111181127/tools/bin/../lib/gcc/arm-none-eabi/10.3.1/../../../../arm-none-eabi/lib/thumb/v6-m/nofp\libc_nano.a(lib_a-memchr-stub.o)
                0x000000000800d990                memchr
 *fill*         0x000000000800d9a6        0x2 
 .text.__malloc_lock
                0x000000000800d9a8       0x10 c:/st/stm32cubeide_1.7.0/stm32cubeide/plugins/com.st.stm32cube.ide.mcu.externaltools.gnu-tools-for-stm32.10.3-2021.10.win32_1.0.0.202111181127/tools/bin/../lib/gcc/arm-none-eabi/10.3.1/../../../../arm-none-eabi/lib/thumb/v6-m/nofp\libc_nano.a(lib_a-mlock.o)
                0x000000000800d9a8                __malloc_lock
 .text.__malloc_unlock
                0x000000000800d9b8       0x10 c:/st/stm32cubeide_1.7.0/stm32cubeide/plugins/com.st.stm32cube.ide.mcu.externaltools.gnu-tools-for-stm32.10.3-2021.10.win32_1.0.0.202111181127/tools/bin/../lib/gcc/arm-none-eabi/10.3.1/../../../../arm-none-eabi/lib/thumb/v6-m/nofp\libc_nano.a(lib_a-mlock.o)
                0x000000000800d9b8                __malloc_unlock
 .text._Balloc  0x000000000800d9c8       0x88 c:/st/stm32cubeide_1.7.0/stm32cubeide/plugins/com.st.stm32cube.ide.mcu.externaltools.gnu-tools-for-stm32.10.3-2021.10.win32_1.0.0.202111181127/tools/bin/../lib/gcc/arm-none-eabi/10.3.1/../../../../arm-none-eabi/lib/thumb/v6-m/nofp\libc_nano.a(lib_a-mprec.o)
                0x000000000800d9c8                _Balloc
 .text._Bfree   0x000000000800da50       0x48 c:/st/stm32cubeide_1.7.0/stm32cubeide/plugins/com.st.stm32cube.ide.mcu.externaltools.gnu-tools-for-stm32.10.3-2021.10.win32_1.0.0.202111181127/tools/bin/../lib/gcc/arm-none-eabi/10.3.1/../../../../arm-none-eabi/lib/thumb/v6-m/nofp\libc_nano.a(lib_a-mprec.o)
                0x000000000800da50                _Bfree
 .text.__multadd
                0x000000000800da98       0x88 c:/st/stm32cubeide_1.7.0/stm32cubeide/plugins/com.st.stm32cube.ide.mcu.externaltools.gnu-tools-for-stm32.10.3-2021.10.win32_1.0.0.202111181127/tools/bin/../lib/gcc/arm-none-eabi/10.3.1/../../../../arm-none-eabi/lib/thumb/v6-m/nofp\libc_nano.a(lib_a-mprec.o)
                0x000000000800da98                __multadd
 .text.__s2b    0x000000000800db20       0x98 c:/st/stm32cubeide_1.7.0/stm32cubeide/plugins/com.st.stm32cube.ide.mcu.externaltools.gnu-tools-for-stm32.10.3-2021.10.win32_1.0.0.202111181127/tools/bin/../lib/gcc/arm-none-eabi/10.3.1/../../../../arm-none-eabi/lib/thumb/v6-m/nofp\libc_nano.a(lib_a-mprec.o)
                0x000000000800db20                __s2b
 .text.__hi0bits
                0x000000000800dbb8       0x34 c:/st/stm32cubeide_1.7.0/stm32cubeide/plugins/com.st.stm32cube.ide.mcu.externaltools.gnu-tools-for-stm32.10.3-2021.10.win32_1.0.0.202111181127/tools/bin/../lib/gcc/arm-none-eabi/10.3.1/../../../../arm-none-eabi/lib/thumb/v6-m/nofp\libc_nano.a(lib_a-mprec.o)
                0x000000000800dbb8                __hi0bits
 .text.__lo0bits
                0x000000000800dbec       0x5c c:/st/stm32cubeide_1.7.0/stm32cubeide/plugins/com.st.stm32cube.ide.mcu.externaltools.gnu-tools-for-stm32.10.3-2021.10.win32_1.0.0.202111181127/tools/bin/../lib/gcc/arm-none-eabi/10.3.1/../../../../arm-none-eabi/lib/thumb/v6-m/nofp\libc_nano.a(lib_a-mprec.o)
                0x000000000800dbec                __lo0bits
 .text.__i2b    0x000000000800dc48       0x2c c:/st/stm32cubeide_1.7.0/stm32cubeide/plugins/com.st.stm32cube.ide.mcu.externaltools.gnu-tools-for-stm32.10.3-2021.10.win32_1.0.0.202111181127/tools/bin/../lib/gcc/arm-none-eabi/10.3.1/../../../../arm-none-eabi/lib/thumb/v6-m/nofp\libc_nano.a(lib_a-mprec.o)
                0x000000000800dc48                __i2b
 .text.__multiply
                0x000000000800dc74      0x160 c:/st/stm32cubeide_1.7.0/stm32cubeide/plugins/com.st.stm32cube.ide.mcu.externaltools.gnu-tools-for-stm32.10.3-2021.10.win32_1.0.0.202111181127/tools/bin/../lib/gcc/arm-none-eabi/10.3.1/../../../../arm-none-eabi/lib/thumb/v6-m/nofp\libc_nano.a(lib_a-mprec.o)
                0x000000000800dc74                __multiply
 .text.__pow5mult
                0x000000000800ddd4       0xb8 c:/st/stm32cubeide_1.7.0/stm32cubeide/plugins/com.st.stm32cube.ide.mcu.externaltools.gnu-tools-for-stm32.10.3-2021.10.win32_1.0.0.202111181127/tools/bin/../lib/gcc/arm-none-eabi/10.3.1/../../../../arm-none-eabi/lib/thumb/v6-m/nofp\libc_nano.a(lib_a-mprec.o)
                0x000000000800ddd4                __pow5mult
 .text.__lshift
                0x000000000800de8c       0xdc c:/st/stm32cubeide_1.7.0/stm32cubeide/plugins/com.st.stm32cube.ide.mcu.externaltools.gnu-tools-for-stm32.10.3-2021.10.win32_1.0.0.202111181127/tools/bin/../lib/gcc/arm-none-eabi/10.3.1/../../../../arm-none-eabi/lib/thumb/v6-m/nofp\libc_nano.a(lib_a-mprec.o)
                0x000000000800de8c                __lshift
 .text.__mcmp   0x000000000800df68       0x36 c:/st/stm32cubeide_1.7.0/stm32cubeide/plugins/com.st.stm32cube.ide.mcu.externaltools.gnu-tools-for-stm32.10.3-2021.10.win32_1.0.0.202111181127/tools/bin/../lib/gcc/arm-none-eabi/10.3.1/../../../../arm-none-eabi/lib/thumb/v6-m/nofp\libc_nano.a(lib_a-mprec.o)
                0x000000000800df68                __mcmp
 *fill*         0x000000000800df9e        0x2 
 .text.__mdiff  0x000000000800dfa0      0x130 c:/st/stm32cubeide_1.7.0/stm32cubeide/plugins/com.st.stm32cube.ide.mcu.externaltools.gnu-tools-for-stm32.10.3-2021.10.win32_1.0.0.202111181127/tools/bin/../lib/gcc/arm-none-eabi/10.3.1/../../../../arm-none-eabi/lib/thumb/v6-m/nofp\libc_nano.a(lib_a-mprec.o)
                0x000000000800dfa0                __mdiff
 .text.__ulp    0x000000000800e0d0       0x48 c:/st/stm32cubeide_1.7.0/stm32cubeide/plugins/com.st.stm32cube.ide.mcu.externaltools.gnu-tools-for-stm32.10.3-2021.10.win32_1.0.0.202111181127/tools/bin/../lib/gcc/arm-none-eabi/10.3.1/../../../../arm-none-eabi/lib/thumb/v6-m/nofp\libc_nano.a(lib_a-mprec.o)
                0x000000000800e0d0                __ulp
 .text.__b2d    0x000000000800e118       0xa0 c:/st/stm32cubeide_1.7.0/stm32cubeide/plugins/com.st.stm32cube.ide.mcu.externaltools.gnu-tools-for-stm32.10.3-2021.10.win32_1.0.0.202111181127/tools/bin/../lib/gcc/arm-none-eabi/10.3.1/../../../../arm-none-eabi/lib/thumb/v6-m/nofp\libc_nano.a(lib_a-mprec.o)
                0x000000000800e118                __b2d
 .text.__d2b    0x000000000800e1b8       0xc8 c:/st/stm32cubeide_1.7.0/stm32cubeide/plugins/com.st.stm32cube.ide.mcu.externaltools.gnu-tools-for-stm32.10.3-2021.10.win32_1.0.0.202111181127/tools/bin/../lib/gcc/arm-none-eabi/10.3.1/../../../../arm-none-eabi/lib/thumb/v6-m/nofp\libc_nano.a(lib_a-mprec.o)
                0x000000000800e1b8                __d2b
 .text.__ratio  0x000000000800e280       0x52 c:/st/stm32cubeide_1.7.0/stm32cubeide/plugins/com.st.stm32cube.ide.mcu.externaltools.gnu-tools-for-stm32.10.3-2021.10.win32_1.0.0.202111181127/tools/bin/../lib/gcc/arm-none-eabi/10.3.1/../../../../arm-none-eabi/lib/thumb/v6-m/nofp\libc_nano.a(lib_a-mprec.o)
                0x000000000800e280                __ratio
 .text.__copybits
                0x000000000800e2d2       0x42 c:/st/stm32cubeide_1.7.0/stm32cubeide/plugins/com.st.stm32cube.ide.mcu.externaltools.gnu-tools-for-stm32.10.3-2021.10.win32_1.0.0.202111181127/tools/bin/../lib/gcc/arm-none-eabi/10.3.1/../../../../arm-none-eabi/lib/thumb/v6-m/nofp\libc_nano.a(lib_a-mprec.o)
                0x000000000800e2d2                __copybits
 .text.__any_on
                0x000000000800e314       0x46 c:/st/stm32cubeide_1.7.0/stm32cubeide/plugins/com.st.stm32cube.ide.mcu.externaltools.gnu-tools-for-stm32.10.3-2021.10.win32_1.0.0.202111181127/tools/bin/../lib/gcc/arm-none-eabi/10.3.1/../../../../arm-none-eabi/lib/thumb/v6-m/nofp\libc_nano.a(lib_a-mprec.o)
                0x000000000800e314                __any_on
 .text._calloc_r
                0x000000000800e35a       0x58 c:/st/stm32cubeide_1.7.0/stm32cubeide/plugins/com.st.stm32cube.ide.mcu.externaltools.gnu-tools-for-stm32.10.3-2021.10.win32_1.0.0.202111181127/tools/bin/../lib/gcc/arm-none-eabi/10.3.1/../../../../arm-none-eabi/lib/thumb/v6-m/nofp\libc_nano.a(lib_a-nano-callocr.o)
                0x000000000800e35a                _calloc_r
 *fill*         0x000000000800e3b2        0x2 
 .text._free_r  0x000000000800e3b4       0x94 c:/st/stm32cubeide_1.7.0/stm32cubeide/plugins/com.st.stm32cube.ide.mcu.externaltools.gnu-tools-for-stm32.10.3-2021.10.win32_1.0.0.202111181127/tools/bin/../lib/gcc/arm-none-eabi/10.3.1/../../../../arm-none-eabi/lib/thumb/v6-m/nofp\libc_nano.a(lib_a-nano-freer.o)
                0x000000000800e3b4                _free_r
 .text.__ssputs_r
                0x000000000800e448       0xc4 c:/st/stm32cubeide_1.7.0/stm32cubeide/plugins/com.st.stm32cube.ide.mcu.externaltools.gnu-tools-for-stm32.10.3-2021.10.win32_1.0.0.202111181127/tools/bin/../lib/gcc/arm-none-eabi/10.3.1/../../../../arm-none-eabi/lib/thumb/v6-m/nofp\libc_nano.a(lib_a-nano-svfprintf.o)
                0x000000000800e448                __ssputs_r
 .text._svfprintf_r
                0x000000000800e50c      0x200 c:/st/stm32cubeide_1.7.0/stm32cubeide/plugins/com.st.stm32cube.ide.mcu.externaltools.gnu-tools-for-stm32.10.3-2021.10.win32_1.0.0.202111181127/tools/bin/../lib/gcc/arm-none-eabi/10.3.1/../../../../arm-none-eabi/lib/thumb/v6-m/nofp\libc_nano.a(lib_a-nano-svfprintf.o)
                0x000000000800e50c                _svfiprintf_r
                0x000000000800e50c                _svfprintf_r
 .text._read_r  0x000000000800e70c       0x28 c:/st/stm32cubeide_1.7.0/stm32cubeide/plugins/com.st.stm32cube.ide.mcu.externaltools.gnu-tools-for-stm32.10.3-2021.10.win32_1.0.0.202111181127/tools/bin/../lib/gcc/arm-none-eabi/10.3.1/../../../../arm-none-eabi/lib/thumb/v6-m/nofp\libc_nano.a(lib_a-readr.o)
                0x000000000800e70c                _read_r
 .text.nan      0x000000000800e734        0xc c:/st/stm32cubeide_1.7.0/stm32cubeide/plugins/com.st.stm32cube.ide.mcu.externaltools.gnu-tools-for-stm32.10.3-2021.10.win32_1.0.0.202111181127/tools/bin/../lib/gcc/arm-none-eabi/10.3.1/../../../../arm-none-eabi/lib/thumb/v6-m/nofp\libc_nano.a(lib_a-s_nan.o)
                0x000000000800e734                nan
 .text.strncmp  0x000000000800e740       0x24 c:/st/stm32cubeide_1.7.0/stm32cubeide/plugins/com.st.stm32cube.ide.mcu.externaltools.gnu-tools-for-stm32.10.3-2021.10.win32_1.0.0.202111181127/tools/bin/../lib/gcc/arm-none-eabi/10.3.1/../../../../arm-none-eabi/lib/thumb/v6-m/nofp\libc_nano.a(lib_a-strncmp.o)
                0x000000000800e740                strncmp
 .text.__ascii_wctomb
                0x000000000800e764       0x1a c:/st/stm32cubeide_1.7.0/stm32cubeide/plugins/com.st.stm32cube.ide.mcu.externaltools.gnu-tools-for-stm32.10.3-2021.10.win32_1.0.0.202111181127/tools/bin/../lib/gcc/arm-none-eabi/10.3.1/../../../../arm-none-eabi/lib/thumb/v6-m/nofp\libc_nano.a(lib_a-wctomb_r.o)
                0x000000000800e764                __ascii_wctomb
 *fill*         0x000000000800e77e        0x2 
 .text.__assert_func
                0x000000000800e780       0x3c c:/st/stm32cubeide_1.7.0/stm32cubeide/plugins/com.st.stm32cube.ide.mcu.externaltools.gnu-tools-for-stm32.10.3-2021.10.win32_1.0.0.202111181127/tools/bin/../lib/gcc/arm-none-eabi/10.3.1/../../../../arm-none-eabi/lib/thumb/v6-m/nofp\libc_nano.a(lib_a-assert.o)
                0x000000000800e780                __assert_func
 .text.fprintf  0x000000000800e7bc       0x20 c:/st/stm32cubeide_1.7.0/stm32cubeide/plugins/com.st.stm32cube.ide.mcu.externaltools.gnu-tools-for-stm32.10.3-2021.10.win32_1.0.0.202111181127/tools/bin/../lib/gcc/arm-none-eabi/10.3.1/../../../../arm-none-eabi/lib/thumb/v6-m/nofp\libc_nano.a(lib_a-fprintf.o)
                0x000000000800e7bc                fiprintf
                0x000000000800e7bc                fprintf
 .text.memmove  0x000000000800e7dc       0x26 c:/st/stm32cubeide_1.7.0/stm32cubeide/plugins/com.st.stm32cube.ide.mcu.externaltools.gnu-tools-for-stm32.10.3-2021.10.win32_1.0.0.202111181127/tools/bin/../lib/gcc/arm-none-eabi/10.3.1/../../../../arm-none-eabi/lib/thumb/v6-m/nofp\libc_nano.a(lib_a-memmove.o)
                0x000000000800e7dc                memmove
 .text._realloc_r
                0x000000000800e802       0x5e c:/st/stm32cubeide_1.7.0/stm32cubeide/plugins/com.st.stm32cube.ide.mcu.externaltools.gnu-tools-for-stm32.10.3-2021.10.win32_1.0.0.202111181127/tools/bin/../lib/gcc/arm-none-eabi/10.3.1/../../../../arm-none-eabi/lib/thumb/v6-m/nofp\libc_nano.a(lib_a-nano-reallocr.o)
                0x000000000800e802                _realloc_r
 .text.__sfputc_r
                0x000000000800e860       0x2a c:/st/stm32cubeide_1.7.0/stm32cubeide/plugins/com.st.stm32cube.ide.mcu.externaltools.gnu-tools-for-stm32.10.3-2021.10.win32_1.0.0.202111181127/tools/bin/../lib/gcc/arm-none-eabi/10.3.1/../../../../arm-none-eabi/lib/thumb/v6-m/nofp\libc_nano.a(lib_a-nano-vfprintf.o)
 .text.__sfputs_r
                0x000000000800e88a       0x24 c:/st/stm32cubeide_1.7.0/stm32cubeide/plugins/com.st.stm32cube.ide.mcu.externaltools.gnu-tools-for-stm32.10.3-2021.10.win32_1.0.0.202111181127/tools/bin/../lib/gcc/arm-none-eabi/10.3.1/../../../../arm-none-eabi/lib/thumb/v6-m/nofp\libc_nano.a(lib_a-nano-vfprintf.o)
                0x000000000800e88a                __sfputs_r
 *fill*         0x000000000800e8ae        0x2 
 .text._vfprintf_r
                0x000000000800e8b0      0x274 c:/st/stm32cubeide_1.7.0/stm32cubeide/plugins/com.st.stm32cube.ide.mcu.externaltools.gnu-tools-for-stm32.10.3-2021.10.win32_1.0.0.202111181127/tools/bin/../lib/gcc/arm-none-eabi/10.3.1/../../../../arm-none-eabi/lib/thumb/v6-m/nofp\libc_nano.a(lib_a-nano-vfprintf.o)
                0x000000000800e8b0                _vfprintf_r
                0x000000000800e8b0                _vfiprintf_r
 .text.__swbuf_r
                0x000000000800eb24       0xac c:/st/stm32cubeide_1.7.0/stm32cubeide/plugins/com.st.stm32cube.ide.mcu.externaltools.gnu-tools-for-stm32.10.3-2021.10.win32_1.0.0.202111181127/tools/bin/../lib/gcc/arm-none-eabi/10.3.1/../../../../arm-none-eabi/lib/thumb/v6-m/nofp\libc_nano.a(lib_a-wbuf.o)
                0x000000000800eb24                __swbuf_r
 .text.__swsetup_r
                0x000000000800ebd0       0xf0 c:/st/stm32cubeide_1.7.0/stm32cubeide/plugins/com.st.stm32cube.ide.mcu.externaltools.gnu-tools-for-stm32.10.3-2021.10.win32_1.0.0.202111181127/tools/bin/../lib/gcc/arm-none-eabi/10.3.1/../../../../arm-none-eabi/lib/thumb/v6-m/nofp\libc_nano.a(lib_a-wsetup.o)
                0x000000000800ebd0                __swsetup_r
 .text.abort    0x000000000800ecc0        0xe c:/st/stm32cubeide_1.7.0/stm32cubeide/plugins/com.st.stm32cube.ide.mcu.externaltools.gnu-tools-for-stm32.10.3-2021.10.win32_1.0.0.202111181127/tools/bin/../lib/gcc/arm-none-eabi/10.3.1/../../../../arm-none-eabi/lib/thumb/v6-m/nofp\libc_nano.a(lib_a-abort.o)
                0x000000000800ecc0                abort
 *fill*         0x000000000800ecce        0x2 
 .text.__swhatbuf_r
                0x000000000800ecd0       0x50 c:/st/stm32cubeide_1.7.0/stm32cubeide/plugins/com.st.stm32cube.ide.mcu.externaltools.gnu-tools-for-stm32.10.3-2021.10.win32_1.0.0.202111181127/tools/bin/../lib/gcc/arm-none-eabi/10.3.1/../../../../arm-none-eabi/lib/thumb/v6-m/nofp\libc_nano.a(lib_a-makebuf.o)
                0x000000000800ecd0                __swhatbuf_r
 .text.__smakebuf_r
                0x000000000800ed20       0x88 c:/st/stm32cubeide_1.7.0/stm32cubeide/plugins/com.st.stm32cube.ide.mcu.externaltools.gnu-tools-for-stm32.10.3-2021.10.win32_1.0.0.202111181127/tools/bin/../lib/gcc/arm-none-eabi/10.3.1/../../../../arm-none-eabi/lib/thumb/v6-m/nofp\libc_nano.a(lib_a-makebuf.o)
                0x000000000800ed20                __smakebuf_r
 .text._malloc_usable_size_r
                0x000000000800eda8       0x10 c:/st/stm32cubeide_1.7.0/stm32cubeide/plugins/com.st.stm32cube.ide.mcu.externaltools.gnu-tools-for-stm32.10.3-2021.10.win32_1.0.0.202111181127/tools/bin/../lib/gcc/arm-none-eabi/10.3.1/../../../../arm-none-eabi/lib/thumb/v6-m/nofp\libc_nano.a(lib_a-nano-msizer.o)
                0x000000000800eda8                _malloc_usable_size_r
 .text._raise_r
                0x000000000800edb8       0x54 c:/st/stm32cubeide_1.7.0/stm32cubeide/plugins/com.st.stm32cube.ide.mcu.externaltools.gnu-tools-for-stm32.10.3-2021.10.win32_1.0.0.202111181127/tools/bin/../lib/gcc/arm-none-eabi/10.3.1/../../../../arm-none-eabi/lib/thumb/v6-m/nofp\libc_nano.a(lib_a-signal.o)
                0x000000000800edb8                _raise_r
 .text.raise    0x000000000800ee0c       0x14 c:/st/stm32cubeide_1.7.0/stm32cubeide/plugins/com.st.stm32cube.ide.mcu.externaltools.gnu-tools-for-stm32.10.3-2021.10.win32_1.0.0.202111181127/tools/bin/../lib/gcc/arm-none-eabi/10.3.1/../../../../arm-none-eabi/lib/thumb/v6-m/nofp\libc_nano.a(lib_a-signal.o)
                0x000000000800ee0c                raise
 .text._kill_r  0x000000000800ee20       0x24 c:/st/stm32cubeide_1.7.0/stm32cubeide/plugins/com.st.stm32cube.ide.mcu.externaltools.gnu-tools-for-stm32.10.3-2021.10.win32_1.0.0.202111181127/tools/bin/../lib/gcc/arm-none-eabi/10.3.1/../../../../arm-none-eabi/lib/thumb/v6-m/nofp\libc_nano.a(lib_a-signalr.o)
                0x000000000800ee20                _kill_r
 .text._getpid_r
                0x000000000800ee44        0x8 c:/st/stm32cubeide_1.7.0/stm32cubeide/plugins/com.st.stm32cube.ide.mcu.externaltools.gnu-tools-for-stm32.10.3-2021.10.win32_1.0.0.202111181127/tools/bin/../lib/gcc/arm-none-eabi/10.3.1/../../../../arm-none-eabi/lib/thumb/v6-m/nofp\libc_nano.a(lib_a-signalr.o)
                0x000000000800ee44                _getpid_r
 .text._fstat_r
                0x000000000800ee4c       0x24 c:/st/stm32cubeide_1.7.0/stm32cubeide/plugins/com.st.stm32cube.ide.mcu.externaltools.gnu-tools-for-stm32.10.3-2021.10.win32_1.0.0.202111181127/tools/bin/../lib/gcc/arm-none-eabi/10.3.1/../../../../arm-none-eabi/lib/thumb/v6-m/nofp\libc_nano.a(lib_a-fstatr.o)
                0x000000000800ee4c                _fstat_r
 .text._isatty_r
                0x000000000800ee70       0x24 c:/st/stm32cubeide_1.7.0/stm32cubeide/plugins/com.st.stm32cube.ide.mcu.externaltools.gnu-tools-for-stm32.10.3-2021.10.win32_1.0.0.202111181127/tools/bin/../lib/gcc/arm-none-eabi/10.3.1/../../../../arm-none-eabi/lib/thumb/v6-m/nofp\libc_nano.a(lib_a-isattyr.o)
                0x000000000800ee70                _isatty_r
 *(.glue_7)
 .glue_7        0x000000000800ee94        0x0 linker stubs
 *(.glue_7t)
 .glue_7t       0x000000000800ee94        0x0 linker stubs
 *(.eh_frame)
 .eh_frame      0x000000000800ee94        0x0 c:/st/stm32cubeide_1.7.0/stm32cubeide/plugins/com.st.stm32cube.ide.mcu.externaltools.gnu-tools-for-stm32.10.3-2021.10.win32_1.0.0.202111181127/tools/bin/../lib/gcc/arm-none-eabi/10.3.1/thumb/v6-m/nofp/crtbegin.o
 *(.init)