../Core/Src/main.c:144:5:main	136	static
../Core/Src/main.c:235:6:SystemClock_Config	80	static
../Core/Src/main.c:271:13:MX_GPIO_Init	24	static
../Core/Src/main.c:282:6:gpio_settingfn	16	static
../Core/Src/main.c:301:6:gpio11_callback	8	static
../Core/Src/main.c:304:6:gpio12_callback	8	static
../Core/Src/main.c:308:6:HMS_bgdisplay	56	static
../Core/Src/main.c:365:10:temp2color	48	static
../Core/Src/main.c:373:6:colorgradient	48	static
../Core/Src/main.c:380:6:LCD_DrawGraph	40	static
../Core/Src/main.c:408:10:readECG	16	static
../Core/Src/main.c:422:6:displayTemperature	8	static
../Core/Src/main.c:440:6:readTemperature	8	static
../Core/Src/main.c:449:6:readHnS	16	static
../Core/Src/main.c:487:6:displayHnS	8	static
../Core/Src/main.c:507:6:ecgPeak	24	static
../Core/Src/main.c:556:6:ecgLine	32	static
../Core/Src/main.c:575:6:LCD_ECGAnimation	24	static
../Core/Src/main.c:592:6:EXTI4_15_IRQHandler	16	static
../Core/Src/main.c:608:6:USART3_4_IRQHandler	16	static
../Core/Src/main.c:636:6:StartDefaultTask	32	static
../Core/Src/main.c:696:6:StartTask02	48	static
../Core/Src/main.c:742:6:StartTask03	16	static
../Core/Src/main.c:786:6:Error_Handler	8	static,ignoring_inline_asm
