../Core/Src/main.c:59:5:main	24	static
../Core/Src/main.c:122:6:gpio_settingfn	16	static
../Core/Src/main.c:141:6:gpio11_callback	8	static
../Core/Src/main.c:144:6:gpio12_callback	8	static
../Core/Src/main.c:148:6:HMS_bgdisplay	56	static
../Core/Src/main.c:205:10:temp2color	48	static
../Core/Src/main.c:213:6:colorgradient	48	static
../Core/Src/main.c:220:6:LCD_DrawGraph	40	static
../Core/Src/main.c:250:6:readECG	8	static
../Core/Src/main.c:259:6:readTemperature	8	static
../Core/Src/main.c:278:6:readHnS	32	static
../Core/Src/main.c:340:6:EXTI4_15_IRQHandler	16	static
../Core/Src/main.c:356:6:USART3_4_IRQHandler	16	static
