../Drivers/CMSIS/Include/core_cm0.h:730:22:__NVIC_SetPriority	24	static
../Drivers/CMSIS/Include/core_cm0.h:920:26:SysTick_Config	16	static
../Libraries/BML_DRIVERS/Src/systick_timer.c:10:6:sysDelayInit	8	static
../Libraries/BML_DRIVERS/Src/systick_timer.c:14:6:sysDelay	16	static
../Libraries/BML_DRIVERS/Src/systick_timer.c:19:6:sysDelayReset	8	static
../Libraries/BML_DRIVERS/Src/systick_timer.c:23:10:sysDelayVal	8	static
../Libraries/BML_DRIVERS/Src/systick_timer.c:27:6:sysIncrementTicks	8	static
